.\.venv\Scripts\python.exe : INFO:     Started server process [36872]
At line:1 char:355
+ ... | Out-Null; .\.venv\Scripts\python.exe -m uvicorn backend.app.main:ap ...
+                 ~~~~~~~~~~~~~~~~~~~~~~~~~~~~~~~~~~~~~~~~~~~~~~~~~~~~~~~~~
    + CategoryInfo          : NotSpecified: (INFO:     Started server process [36872]:String) [], RemoteException
    + FullyQualifiedErrorId : NativeCommandError
 
INFO:     Waiting for application startup.
{"ts": "2026-10-06T17:45:14Z", "level": "INFO", "logger": "quantumvision.app", "msg": "QuantumVision starting", "env": "development", "store_images": false, "db": "quantumvision.db"}
INFO:     Application startup complete.
INFO:     Uvicorn running on http://127.0.0.1:8000 (Press CTRL+C to quit)
{"ts": "2026-10-06T17:45:39Z", "level": "INFO", "logger": "quantumvision.app", "msg": "request", "method": "POST", "path": "/api/auth/login", "status": 200, "ms": 796.9}
{"ts": "2026-10-06T17:45:39Z", "level": "INFO", "logger": "quantumvision.app", "msg": "request", "method": "GET", "path": "/api/model/metrics", "status": 200, "ms": 21.3}
{"ts": "2026-10-06T17:46:06Z", "level": "INFO", "logger": "quantumvision.app", "msg": "request", "method": "POST", "path": "/api/auth/login", "status": 200, "ms": 731.3}
{"ts": "2026-10-06T17:46:17Z", "level": "INFO", "logger": "quantumvision.inference", "msg": "model loaded", "kind": "hybrid", "run": "hybrid_feature_extractor_q4l2_seed44", "seconds": 10.13}
{"ts": "2026-10-06T17:46:17Z", "level": "INFO", "logger": "quantumvision.inference", "msg": "face detector ready", "backend": "yunet"}
{"ts": "2026-10-06T17:46:18Z", "level": "INFO", "logger": "quantumvision.inference", "msg": "prediction", "model": "hybrid", "faces": 1, "total_ms": 762.1}
{"ts": "2026-10-06T17:46:18Z", "level": "INFO", "logger": "quantumvision.app", "msg": "request", "method": "POST", "path": "/api/predict", "status": 200, "ms": 11057.4}
{"ts": "2026-10-06T17:46:19Z", "level": "INFO", "logger": "quantumvision.inference", "msg": "prediction", "model": "hybrid", "faces": 1, "total_ms": 330.4}
{"ts": "2026-10-06T17:46:19Z", "level": "INFO", "logger": "quantumvision.app", "msg": "request", "method": "POST", "path": "/api/predict", "status": 200, "ms": 386.2}
{"ts": "2026-10-06T17:46:26Z", "level": "INFO", "logger": "quantumvision.app", "msg": "request", "method": "POST", "path": "/api/auth/login", "status": 200, "ms": 775.9}
{"ts": "2026-10-06T17:46:27Z", "level": "INFO", "logger": "quantumvision.inference", "msg": "prediction", "model": "hybrid", "faces": 1, "total_ms": 352.3}
{"ts": "2026-10-06T17:46:27Z", "level": "INFO", "logger": "quantumvision.app", "msg": "request", "method": "POST", "path": "/api/predict", "status": 200, "ms": 491.7}
{"ts": "2026-10-06T17:46:27Z", "level": "INFO", "logger": "quantumvision.inference", "msg": "prediction", "model": "hybrid", "faces": 1, "total_ms": 312.3}
{"ts": "2026-10-06T17:46:27Z", "level": "INFO", "logger": "quantumvision.app", "msg": "request", "method": "POST", "path": "/api/predict", "status": 200, "ms": 410.0}
{"ts": "2026-10-06T17:49:49Z", "level": "INFO", "logger": "quantumvision.app", "msg": "request", "method": "POST", "path": "/api/auth/login", "status": 200, "ms": 430.3}
{"ts": "2026-10-06T17:49:49Z", "level": "INFO", "logger": "quantumvision.app", "msg": "request", "method": "GET", "path": "/api/analytics", "status": 200, "ms": 43.1}
{"ts": "2026-10-06T17:49:49Z", "level": "INFO", "logger": "quantumvision.app", "msg": "request", "method": "GET", "path": "/api/alerts", "status": 200, "ms": 48.6}
{"ts": "2026-10-06T17:49:49Z", "level": "INFO", "logger": "quantumvision.app", "msg": "request", "method": "GET", "path": "/api/alerts", "status": 200, "ms": 31.2}
{"ts": "2026-10-06T17:49:49Z", "level": "INFO", "logger": "quantumvision.app", "msg": "request", "method": "GET", "path": "/api/cameras", "status": 200, "ms": 55.7}
{"ts": "2026-10-06T17:49:49Z", "level": "INFO", "logger": "quantumvision.app", "msg": "request", "method": "GET", "path": "/api/alerts", "status": 200, "ms": 15.8}
{"ts": "2026-10-06T17:49:49Z", "level": "INFO", "logger": "quantumvision.app", "msg": "request", "method": "GET", "path": "/api/alerts", "status": 200, "ms": 18.8}
{"ts": "2026-10-06T17:49:49Z", "level": "INFO", "logger": "quantumvision.app", "msg": "request", "method": "GET", "path": "/api/analytics", "status": 200, "ms": 40.3}
{"ts": "2026-10-06T17:49:49Z", "level": "INFO", "logger": "quantumvision.app", "msg": "request", "method": "GET", "path": "/api/cameras", "status": 200, "ms": 26.4}
{"ts": "2026-10-06T17:49:49Z", "level": "INFO", "logger": "quantumvision.app", "msg": "request", "method": "GET", "path": "/api/health", "status": 200, "ms": 99.3}
{"ts": "2026-10-06T17:49:49Z", "level": "INFO", "logger": "quantumvision.app", "msg": "request", "method": "GET", "path": "/api/health", "status": 200, "ms": 17.3}
{"ts": "2026-10-06T17:49:51Z", "level": "INFO", "logger": "quantumvision.app", "msg": "request", "method": "GET", "path": "/api/auth/me", "status": 200, "ms": 4.6}
{"ts": "2026-10-06T17:49:51Z", "level": "INFO", "logger": "quantumvision.app", "msg": "request", "method": "GET", "path": "/api/auth/me", "status": 200, "ms": 4.3}
{"ts": "2026-10-06T17:49:51Z", "level": "INFO", "logger": "quantumvision.app", "msg": "request", "method": "GET", "path": "/api/alerts", "status": 200, "ms": 7.2}
{"ts": "2026-10-06T17:49:51Z", "level": "INFO", "logger": "quantumvision.app", "msg": "request", "method": "GET", "path": "/api/model/metrics", "status": 200, "ms": 18.1}
{"ts": "2026-10-06T17:49:51Z", "level": "INFO", "logger": "quantumvision.app", "msg": "request", "method": "GET", "path": "/api/alerts", "status": 200, "ms": 20.9}
{"ts": "2026-10-06T17:49:51Z", "level": "INFO", "logger": "quantumvision.app", "msg": "request", "method": "GET", "path": "/api/model/metrics", "status": 200, "ms": 20.0}
{"ts": "2026-10-06T17:49:51Z", "level": "INFO", "logger": "quantumvision.app", "msg": "request", "method": "GET", "path": "/api/health", "status": 200, "ms": 51.1}
{"ts": "2026-10-06T17:49:51Z", "level": "INFO", "logger": "quantumvision.app", "msg": "request", "method": "GET", "path": "/api/health", "status": 200, "ms": 21.9}
{"ts": "2026-10-06T17:50:01Z", "level": "INFO", "logger": "quantumvision.app", "msg": "request", "method": "GET", "path": "/api/alerts", "status": 200, "ms": 5.0}
{"ts": "2026-10-06T17:50:11Z", "level": "INFO", "logger": "quantumvision.app", "msg": "request", "method": "GET", "path": "/api/alerts", "status": 200, "ms": 6.1}
{"ts": "2026-10-06T17:50:21Z", "level": "INFO", "logger": "quantumvision.app", "msg": "request", "method": "GET", "path": "/api/alerts", "status": 200, "ms": 9.3}
{"ts": "2026-10-06T17:50:21Z", "level": "INFO", "logger": "quantumvision.app", "msg": "request", "method": "GET", "path": "/api/health", "status": 200, "ms": 36.7}
{"ts": "2026-10-06T17:50:31Z", "level": "INFO", "logger": "quantumvision.app", "msg": "request", "method": "GET", "path": "/api/alerts", "status": 200, "ms": 7.6}
{"ts": "2026-10-06T17:50:36Z", "level": "INFO", "logger": "quantumvision.app", "msg": "request", "method": "GET", "path": "/api/auth/me", "status": 200, "ms": 4.1}
{"ts": "2026-10-06T17:50:36Z", "level": "INFO", "logger": "quantumvision.app", "msg": "request", "method": "GET", "path": "/api/auth/me", "status": 200, "ms": 6.0}
{"ts": "2026-10-06T17:50:36Z", "level": "INFO", "logger": "quantumvision.app", "msg": "request", "method": "GET", "path": "/api/alerts", "status": 200, "ms": 21.1}
{"ts": "2026-10-06T17:50:36Z", "level": "INFO", "logger": "quantumvision.app", "msg": "request", "method": "GET", "path": "/api/analytics", "status": 200, "ms": 30.3}
{"ts": "2026-10-06T17:50:36Z", "level": "INFO", "logger": "quantumvision.app", "msg": "request", "method": "GET", "path": "/api/alerts", "status": 200, "ms": 26.5}
{"ts": "2026-10-06T17:50:36Z", "level": "INFO", "logger": "quantumvision.app", "msg": "request", "method": "GET", "path": "/api/cameras", "status": 200, "ms": 43.4}
{"ts": "2026-10-06T17:50:36Z", "level": "INFO", "logger": "quantumvision.app", "msg": "request", "method": "GET", "path": "/api/alerts", "status": 200, "ms": 18.3}
{"ts": "2026-10-06T17:50:36Z", "level": "INFO", "logger": "quantumvision.app", "msg": "request", "method": "GET", "path": "/api/alerts", "status": 200, "ms": 16.1}
{"ts": "2026-10-06T17:50:36Z", "level": "INFO", "logger": "quantumvision.app", "msg": "request", "method": "GET", "path": "/api/cameras", "status": 200, "ms": 19.5}
{"ts": "2026-10-06T17:50:36Z", "level": "INFO", "logger": "quantumvision.app", "msg": "request", "method": "GET", "path": "/api/analytics", "status": 200, "ms": 35.4}
{"ts": "2026-10-06T17:50:36Z", "level": "INFO", "logger": "quantumvision.app", "msg": "request", "method": "GET", "path": "/api/health", "status": 200, "ms": 87.1}
{"ts": "2026-10-06T17:50:36Z", "level": "INFO", "logger": "quantumvision.app", "msg": "request", "method": "GET", "path": "/api/health", "status": 200, "ms": 25.4}
{"ts": "2026-10-06T17:50:41Z", "level": "INFO", "logger": "quantumvision.app", "msg": "request", "method": "GET", "path": "/api/alerts", "status": 200, "ms": 25.1}
{"ts": "2026-10-06T17:50:41Z", "level": "INFO", "logger": "quantumvision.app", "msg": "request", "method": "GET", "path": "/api/cameras", "status": 200, "ms": 31.0}
{"ts": "2026-10-06T17:50:41Z", "level": "INFO", "logger": "quantumvision.app", "msg": "request", "method": "GET", "path": "/api/analytics", "status": 200, "ms": 41.6}
{"ts": "2026-10-06T17:50:46Z", "level": "INFO", "logger": "quantumvision.app", "msg": "request", "method": "GET", "path": "/api/alerts", "status": 200, "ms": 19.1}
{"ts": "2026-10-06T17:50:46Z", "level": "INFO", "logger": "quantumvision.app", "msg": "request", "method": "GET", "path": "/api/alerts", "status": 200, "ms": 20.4}
{"ts": "2026-10-06T17:50:46Z", "level": "INFO", "logger": "quantumvision.app", "msg": "request", "method": "GET", "path": "/api/analytics", "status": 200, "ms": 35.0}
{"ts": "2026-10-06T17:50:46Z", "level": "INFO", "logger": "quantumvision.app", "msg": "request", "method": "GET", "path": "/api/cameras", "status": 200, "ms": 34.3}
{"ts": "2026-10-06T17:50:56Z", "level": "INFO", "logger": "quantumvision.app", "msg": "request", "method": "GET", "path": "/api/alerts", "status": 200, "ms": 5.7}
{"ts": "2026-10-06T17:51:06Z", "level": "INFO", "logger": "quantumvision.app", "msg": "request", "method": "GET", "path": "/api/alerts", "status": 200, "ms": 15.5}
{"ts": "2026-10-06T17:51:06Z", "level": "INFO", "logger": "quantumvision.app", "msg": "request", "method": "GET", "path": "/api/health", "status": 200, "ms": 47.2}
{"ts": "2026-10-06T17:51:16Z", "level": "INFO", "logger": "quantumvision.app", "msg": "request", "method": "GET", "path": "/api/alerts", "status": 200, "ms": 7.8}
{"ts": "2026-10-06T17:51:19Z", "level": "INFO", "logger": "quantumvision.inference", "msg": "prediction", "model": "hybrid", "faces": 1, "total_ms": 270.0}
{"ts": "2026-10-06T17:51:19Z", "level": "INFO", "logger": "quantumvision.app", "msg": "request", "method": "POST", "path": "/api/predict/multiple", "status": 200, "ms": 348.9}
{"ts": "2026-10-06T17:51:26Z", "level": "INFO", "logger": "quantumvision.app", "msg": "request", "method": "GET", "path": "/api/alerts", "status": 200, "ms": 7.0}
{"ts": "2026-10-06T17:51:36Z", "level": "INFO", "logger": "quantumvision.app", "msg": "request", "method": "GET", "path": "/api/alerts", "status": 200, "ms": 5.4}
{"ts": "2026-10-06T17:51:36Z", "level": "INFO", "logger": "quantumvision.app", "msg": "request", "method": "GET", "path": "/api/health", "status": 200, "ms": 27.1}
{"ts": "2026-10-06T17:57:33Z", "level": "INFO", "logger": "quantumvision.app", "msg": "request", "method": "GET", "path": "/api/health", "status": 200, "ms": 39.7}
{"ts": "2026-10-06T17:59:00Z", "level": "INFO", "logger": "quantumvision.app", "msg": "request", "method": "GET", "path": "/api/auth/me", "status": 200, "ms": 3.3}
{"ts": "2026-10-06T17:59:00Z", "level": "INFO", "logger": "quantumvision.app", "msg": "request", "method": "GET", "path": "/api/auth/me", "status": 200, "ms": 4.1}
{"ts": "2026-10-06T17:59:00Z", "level": "INFO", "logger": "quantumvision.app", "msg": "request", "method": "GET", "path": "/api/alerts", "status": 200, "ms": 14.1}
{"ts": "2026-10-06T17:59:00Z", "level": "INFO", "logger": "quantumvision.app", "msg": "request", "method": "GET", "path": "/api/alerts", "status": 200, "ms": 17.4}
{"ts": "2026-10-06T17:59:00Z", "level": "INFO", "logger": "quantumvision.app", "msg": "request", "method": "GET", "path": "/api/cameras", "status": 200, "ms": 31.2}
{"ts": "2026-10-06T17:59:00Z", "level": "INFO", "logger": "quantumvision.app", "msg": "request", "method": "GET", "path": "/api/analytics", "status": 200, "ms": 35.4}
{"ts": "2026-10-06T17:59:00Z", "level": "INFO", "logger": "quantumvision.app", "msg": "request", "method": "GET", "path": "/api/alerts", "status": 200, "ms": 18.4}
{"ts": "2026-10-06T17:59:00Z", "level": "INFO", "logger": "quantumvision.app", "msg": "request", "method": "GET", "path": "/api/alerts", "status": 200, "ms": 15.3}
{"ts": "2026-10-06T17:59:00Z", "level": "INFO", "logger": "quantumvision.app", "msg": "request", "method": "GET", "path": "/api/cameras", "status": 200, "ms": 20.7}
{"ts": "2026-10-06T17:59:00Z", "level": "INFO", "logger": "quantumvision.app", "msg": "request", "method": "GET", "path": "/api/analytics", "status": 200, "ms": 18.3}
{"ts": "2026-10-06T17:59:00Z", "level": "INFO", "logger": "quantumvision.app", "msg": "request", "method": "GET", "path": "/api/health", "status": 200, "ms": 73.1}
{"ts": "2026-10-06T17:59:00Z", "level": "INFO", "logger": "quantumvision.app", "msg": "request", "method": "GET", "path": "/api/health", "status": 200, "ms": 15.4}
{"ts": "2026-10-06T17:59:03Z", "level": "INFO", "logger": "quantumvision.app", "msg": "request", "method": "GET", "path": "/api/cameras", "status": 200, "ms": 11.8}
{"ts": "2026-10-06T17:59:03Z", "level": "INFO", "logger": "quantumvision.app", "msg": "request", "method": "GET", "path": "/api/cameras", "status": 200, "ms": 12.6}
{"ts": "2026-10-06T17:59:10Z", "level": "INFO", "logger": "quantumvision.app", "msg": "request", "method": "GET", "path": "/api/alerts", "status": 200, "ms": 5.3}
INFO:     127.0.0.1:58994 - "WebSocket /ws/surveillance/CAM-001?token=eyJhbGciOiJIUzI1NiIsInR5cCI6IkpXVCJ9.eyJzdWIiOiJh
ZG1pbkBxdWFudHVtdmlzaW9uLmxvY2FsIiwicm9sZSI6IkFETUlOIiwiZXhwIjoxNzkxMzUyMTg5fQ.lv4C3s3mYMlXQ3weS2SmilVYADxMLVypMQSXYllG
R5U" [accepted]
INFO:     connection open
{"ts": "2026-10-06T17:59:12Z", "level": "INFO", "logger": "quantumvision.inference", "msg": "prediction", "model": "hybrid", "faces": 1, "total_ms": 349.6}
{"ts": "2026-10-06T17:59:12Z", "level": "INFO", "logger": "quantumvision.inference", "msg": "prediction", "model": "hybrid", "faces": 1, "total_ms": 294.9}
{"ts": "2026-10-06T17:59:13Z", "level": "INFO", "logger": "quantumvision.inference", "msg": "prediction", "model": "hybrid", "faces": 1, "total_ms": 330.9}
{"ts": "2026-10-06T17:59:14Z", "level": "INFO", "logger": "quantumvision.inference", "msg": "prediction", "model": "hybrid", "faces": 1, "total_ms": 247.3}
{"ts": "2026-10-06T17:59:14Z", "level": "INFO", "logger": "quantumvision.inference", "msg": "prediction", "model": "hybrid", "faces": 1, "total_ms": 289.3}
{"ts": "2026-10-06T17:59:15Z", "level": "INFO", "logger": "quantumvision.inference", "msg": "prediction", "model": "hybrid", "faces": 1, "total_ms": 328.2}
{"ts": "2026-10-06T17:59:15Z", "level": "INFO", "logger": "quantumvision.inference", "msg": "prediction", "model": "hybrid", "faces": 1, "total_ms": 325.6}
{"ts": "2026-10-06T17:59:16Z", "level": "INFO", "logger": "quantumvision.inference", "msg": "prediction", "model": "hybrid", "faces": 1, "total_ms": 334.9}
{"ts": "2026-10-06T17:59:16Z", "level": "INFO", "logger": "quantumvision.inference", "msg": "prediction", "model": "hybrid", "faces": 1, "total_ms": 322.8}
{"ts": "2026-10-06T17:59:17Z", "level": "INFO", "logger": "quantumvision.inference", "msg": "prediction", "model": "hybrid", "faces": 1, "total_ms": 339.8}
{"ts": "2026-10-06T17:59:17Z", "level": "INFO", "logger": "quantumvision.inference", "msg": "prediction", "model": "hybrid", "faces": 1, "total_ms": 323.2}
{"ts": "2026-10-06T17:59:18Z", "level": "INFO", "logger": "quantumvision.inference", "msg": "prediction", "model": "hybrid", "faces": 1, "total_ms": 332.8}
{"ts": "2026-10-06T17:59:18Z", "level": "INFO", "logger": "quantumvision.inference", "msg": "prediction", "model": "hybrid", "faces": 1, "total_ms": 319.3}
{"ts": "2026-10-06T17:59:19Z", "level": "INFO", "logger": "quantumvision.inference", "msg": "prediction", "model": "hybrid", "faces": 1, "total_ms": 330.1}
{"ts": "2026-10-06T17:59:19Z", "level": "INFO", "logger": "quantumvision.inference", "msg": "prediction", "model": "hybrid", "faces": 1, "total_ms": 326.6}
{"ts": "2026-10-06T17:59:20Z", "level": "INFO", "logger": "quantumvision.inference", "msg": "prediction", "model": "hybrid", "faces": 1, "total_ms": 331.2}
{"ts": "2026-10-06T17:59:20Z", "level": "INFO", "logger": "quantumvision.inference", "msg": "prediction", "model": "hybrid", "faces": 1, "total_ms": 317.6}
{"ts": "2026-10-06T17:59:20Z", "level": "INFO", "logger": "quantumvision.app", "msg": "request", "method": "GET", "path": "/api/alerts", "status": 200, "ms": 5.5}
{"ts": "2026-10-06T17:59:21Z", "level": "INFO", "logger": "quantumvision.inference", "msg": "prediction", "model": "hybrid", "faces": 1, "total_ms": 334.8}
{"ts": "2026-10-06T17:59:21Z", "level": "INFO", "logger": "quantumvision.inference", "msg": "prediction", "model": "hybrid", "faces": 1, "total_ms": 328.4}
{"ts": "2026-10-06T17:59:22Z", "level": "INFO", "logger": "quantumvision.inference", "msg": "prediction", "model": "hybrid", "faces": 1, "total_ms": 325.0}
{"ts": "2026-10-06T17:59:22Z", "level": "INFO", "logger": "quantumvision.inference", "msg": "prediction", "model": "hybrid", "faces": 1, "total_ms": 308.7}
{"ts": "2026-10-06T17:59:23Z", "level": "INFO", "logger": "quantumvision.inference", "msg": "prediction", "model": "hybrid", "faces": 1, "total_ms": 282.9}
{"ts": "2026-10-06T17:59:23Z", "level": "INFO", "logger": "quantumvision.inference", "msg": "prediction", "model": "hybrid", "faces": 1, "total_ms": 332.8}
{"ts": "2026-10-06T17:59:24Z", "level": "INFO", "logger": "quantumvision.inference", "msg": "prediction", "model": "hybrid", "faces": 1, "total_ms": 329.4}
{"ts": "2026-10-06T17:59:24Z", "level": "INFO", "logger": "quantumvision.inference", "msg": "prediction", "model": "hybrid", "faces": 1, "total_ms": 330.3}
{"ts": "2026-10-06T17:59:25Z", "level": "INFO", "logger": "quantumvision.inference", "msg": "prediction", "model": "hybrid", "faces": 1, "total_ms": 334.8}
{"ts": "2026-10-06T17:59:25Z", "level": "INFO", "logger": "quantumvision.inference", "msg": "prediction", "model": "hybrid", "faces": 1, "total_ms": 334.7}
{"ts": "2026-10-06T17:59:26Z", "level": "INFO", "logger": "quantumvision.inference", "msg": "prediction", "model": "hybrid", "faces": 1, "total_ms": 332.6}
{"ts": "2026-10-06T17:59:27Z", "level": "INFO", "logger": "quantumvision.inference", "msg": "prediction", "model": "hybrid", "faces": 1, "total_ms": 321.0}
{"ts": "2026-10-06T17:59:27Z", "level": "INFO", "logger": "quantumvision.inference", "msg": "prediction", "model": "hybrid", "faces": 1, "total_ms": 332.8}
{"ts": "2026-10-06T17:59:28Z", "level": "INFO", "logger": "quantumvision.inference", "msg": "prediction", "model": "hybrid", "faces": 1, "total_ms": 325.5}
{"ts": "2026-10-06T17:59:28Z", "level": "INFO", "logger": "quantumvision.inference", "msg": "prediction", "model": "hybrid", "faces": 1, "total_ms": 319.5}
{"ts": "2026-10-06T17:59:29Z", "level": "INFO", "logger": "quantumvision.inference", "msg": "prediction", "model": "hybrid", "faces": 1, "total_ms": 339.2}
{"ts": "2026-10-06T17:59:29Z", "level": "INFO", "logger": "quantumvision.inference", "msg": "prediction", "model": "hybrid", "faces": 1, "total_ms": 333.4}
{"ts": "2026-10-06T17:59:30Z", "level": "INFO", "logger": "quantumvision.inference", "msg": "prediction", "model": "hybrid", "faces": 1, "total_ms": 344.2}
{"ts": "2026-10-06T17:59:30Z", "level": "INFO", "logger": "quantumvision.app", "msg": "request", "method": "GET", "path": "/api/alerts", "status": 200, "ms": 12.3}
{"ts": "2026-10-06T17:59:30Z", "level": "INFO", "logger": "quantumvision.app", "msg": "request", "method": "GET", "path": "/api/health", "status": 200, "ms": 58.7}
{"ts": "2026-10-06T17:59:31Z", "level": "INFO", "logger": "quantumvision.inference", "msg": "prediction", "model": "hybrid", "faces": 1, "total_ms": 351.9}
{"ts": "2026-10-06T17:59:32Z", "level": "INFO", "logger": "quantumvision.inference", "msg": "prediction", "model": "hybrid", "faces": 1, "total_ms": 326.6}
{"ts": "2026-10-06T17:59:32Z", "level": "INFO", "logger": "quantumvision.inference", "msg": "prediction", "model": "hybrid", "faces": 1, "total_ms": 310.6}
{"ts": "2026-10-06T17:59:33Z", "level": "INFO", "logger": "quantumvision.inference", "msg": "prediction", "model": "hybrid", "faces": 1, "total_ms": 313.4}
{"ts": "2026-10-06T17:59:33Z", "level": "INFO", "logger": "quantumvision.inference", "msg": "prediction", "model": "hybrid", "faces": 1, "total_ms": 340.5}
{"ts": "2026-10-06T17:59:34Z", "level": "INFO", "logger": "quantumvision.inference", "msg": "prediction", "model": "hybrid", "faces": 1, "total_ms": 325.9}
{"ts": "2026-10-06T17:59:34Z", "level": "INFO", "logger": "quantumvision.inference", "msg": "prediction", "model": "hybrid", "faces": 1, "total_ms": 319.6}
{"ts": "2026-10-06T17:59:35Z", "level": "INFO", "logger": "quantumvision.inference", "msg": "prediction", "model": "hybrid", "faces": 1, "total_ms": 321.5}
{"ts": "2026-10-06T17:59:36Z", "level": "INFO", "logger": "quantumvision.inference", "msg": "prediction", "model": "hybrid", "faces": 1, "total_ms": 320.7}
{"ts": "2026-10-06T17:59:36Z", "level": "INFO", "logger": "quantumvision.inference", "msg": "prediction", "model": "hybrid", "faces": 1, "total_ms": 324.1}
{"ts": "2026-10-06T17:59:37Z", "level": "INFO", "logger": "quantumvision.inference", "msg": "prediction", "model": "hybrid", "faces": 1, "total_ms": 318.0}
{"ts": "2026-10-06T17:59:37Z", "level": "INFO", "logger": "quantumvision.inference", "msg": "prediction", "model": "hybrid", "faces": 1, "total_ms": 307.3}
{"ts": "2026-10-06T17:59:38Z", "level": "INFO", "logger": "quantumvision.inference", "msg": "prediction", "model": "hybrid", "faces": 1, "total_ms": 318.6}
{"ts": "2026-10-06T17:59:38Z", "level": "INFO", "logger": "quantumvision.inference", "msg": "prediction", "model": "hybrid", "faces": 1, "total_ms": 320.8}
{"ts": "2026-10-06T17:59:39Z", "level": "INFO", "logger": "quantumvision.inference", "msg": "prediction", "model": "hybrid", "faces": 1, "total_ms": 318.6}
{"ts": "2026-10-06T17:59:39Z", "level": "INFO", "logger": "quantumvision.inference", "msg": "prediction", "model": "hybrid", "faces": 1, "total_ms": 311.6}
{"ts": "2026-10-06T17:59:40Z", "level": "INFO", "logger": "quantumvision.inference", "msg": "prediction", "model": "hybrid", "faces": 1, "total_ms": 269.1}
{"ts": "2026-10-06T17:59:40Z", "level": "INFO", "logger": "quantumvision.inference", "msg": "prediction", "model": "hybrid", "faces": 1, "total_ms": 310.2}
{"ts": "2026-10-06T17:59:40Z", "level": "INFO", "logger": "quantumvision.app", "msg": "request", "method": "GET", "path": "/api/alerts", "status": 200, "ms": 8.2}
{"ts": "2026-10-06T17:59:41Z", "level": "INFO", "logger": "quantumvision.inference", "msg": "prediction", "model": "hybrid", "faces": 1, "total_ms": 314.4}
{"ts": "2026-10-06T17:59:41Z", "level": "INFO", "logger": "quantumvision.inference", "msg": "prediction", "model": "hybrid", "faces": 1, "total_ms": 315.7}
{"ts": "2026-10-06T17:59:42Z", "level": "INFO", "logger": "quantumvision.inference", "msg": "prediction", "model": "hybrid", "faces": 1, "total_ms": 306.2}
{"ts": "2026-10-06T17:59:42Z", "level": "INFO", "logger": "quantumvision.inference", "msg": "prediction", "model": "hybrid", "faces": 1, "total_ms": 307.4}
{"ts": "2026-10-06T17:59:43Z", "level": "INFO", "logger": "quantumvision.inference", "msg": "prediction", "model": "hybrid", "faces": 1, "total_ms": 315.5}
{"ts": "2026-10-06T17:59:43Z", "level": "INFO", "logger": "quantumvision.inference", "msg": "prediction", "model": "hybrid", "faces": 1, "total_ms": 331.3}
{"ts": "2026-10-06T17:59:44Z", "level": "INFO", "logger": "quantumvision.inference", "msg": "prediction", "model": "hybrid", "faces": 1, "total_ms": 315.6}
{"ts": "2026-10-06T17:59:44Z", "level": "INFO", "logger": "quantumvision.inference", "msg": "prediction", "model": "hybrid", "faces": 1, "total_ms": 302.4}
{"ts": "2026-10-06T17:59:45Z", "level": "INFO", "logger": "quantumvision.inference", "msg": "prediction", "model": "hybrid", "faces": 1, "total_ms": 311.9}
{"ts": "2026-10-06T17:59:45Z", "level": "INFO", "logger": "quantumvision.inference", "msg": "prediction", "model": "hybrid", "faces": 1, "total_ms": 313.8}
{"ts": "2026-10-06T17:59:46Z", "level": "INFO", "logger": "quantumvision.inference", "msg": "prediction", "model": "hybrid", "faces": 1, "total_ms": 318.4}
{"ts": "2026-10-06T17:59:46Z", "level": "INFO", "logger": "quantumvision.inference", "msg": "prediction", "model": "hybrid", "faces": 1, "total_ms": 304.7}
{"ts": "2026-10-06T17:59:47Z", "level": "INFO", "logger": "quantumvision.inference", "msg": "prediction", "model": "hybrid", "faces": 1, "total_ms": 278.5}
{"ts": "2026-10-06T17:59:47Z", "level": "INFO", "logger": "quantumvision.inference", "msg": "prediction", "model": "hybrid", "faces": 1, "total_ms": 256.3}
{"ts": "2026-10-06T17:59:48Z", "level": "INFO", "logger": "quantumvision.inference", "msg": "prediction", "model": "hybrid", "faces": 1, "total_ms": 286.3}
{"ts": "2026-10-06T17:59:48Z", "level": "INFO", "logger": "quantumvision.inference", "msg": "prediction", "model": "hybrid", "faces": 1, "total_ms": 319.2}
{"ts": "2026-10-06T17:59:49Z", "level": "INFO", "logger": "quantumvision.inference", "msg": "prediction", "model": "hybrid", "faces": 1, "total_ms": 325.5}
{"ts": "2026-10-06T17:59:49Z", "level": "INFO", "logger": "quantumvision.inference", "msg": "prediction", "model": "hybrid", "faces": 1, "total_ms": 304.9}
{"ts": "2026-10-06T17:59:50Z", "level": "INFO", "logger": "quantumvision.inference", "msg": "prediction", "model": "hybrid", "faces": 1, "total_ms": 317.4}
{"ts": "2026-10-06T17:59:50Z", "level": "INFO", "logger": "quantumvision.inference", "msg": "prediction", "model": "hybrid", "faces": 1, "total_ms": 310.0}
{"ts": "2026-10-06T17:59:50Z", "level": "INFO", "logger": "quantumvision.app", "msg": "request", "method": "GET", "path": "/api/alerts", "status": 200, "ms": 8.1}
{"ts": "2026-10-06T17:59:51Z", "level": "INFO", "logger": "quantumvision.inference", "msg": "prediction", "model": "hybrid", "faces": 1, "total_ms": 311.5}
{"ts": "2026-10-06T17:59:51Z", "level": "INFO", "logger": "quantumvision.inference", "msg": "prediction", "model": "hybrid", "faces": 1, "total_ms": 308.4}
{"ts": "2026-10-06T17:59:52Z", "level": "INFO", "logger": "quantumvision.inference", "msg": "prediction", "model": "hybrid", "faces": 1, "total_ms": 311.1}
{"ts": "2026-10-06T17:59:52Z", "level": "INFO", "logger": "quantumvision.inference", "msg": "prediction", "model": "hybrid", "faces": 1, "total_ms": 307.6}
{"ts": "2026-10-06T17:59:53Z", "level": "INFO", "logger": "quantumvision.inference", "msg": "prediction", "model": "hybrid", "faces": 1, "total_ms": 319.8}
{"ts": "2026-10-06T17:59:53Z", "level": "INFO", "logger": "quantumvision.inference", "msg": "prediction", "model": "hybrid", "faces": 1, "total_ms": 305.2}
{"ts": "2026-10-06T17:59:54Z", "level": "INFO", "logger": "quantumvision.inference", "msg": "prediction", "model": "hybrid", "faces": 1, "total_ms": 318.9}
{"ts": "2026-10-06T17:59:54Z", "level": "INFO", "logger": "quantumvision.inference", "msg": "prediction", "model": "hybrid", "faces": 1, "total_ms": 305.9}
{"ts": "2026-10-06T17:59:55Z", "level": "INFO", "logger": "quantumvision.inference", "msg": "prediction", "model": "hybrid", "faces": 1, "total_ms": 318.6}
{"ts": "2026-10-06T17:59:55Z", "level": "INFO", "logger": "quantumvision.inference", "msg": "prediction", "model": "hybrid", "faces": 1, "total_ms": 304.1}
{"ts": "2026-10-06T17:59:56Z", "level": "INFO", "logger": "quantumvision.inference", "msg": "prediction", "model": "hybrid", "faces": 1, "total_ms": 316.3}
{"ts": "2026-10-06T17:59:56Z", "level": "INFO", "logger": "quantumvision.inference", "msg": "prediction", "model": "hybrid", "faces": 1, "total_ms": 316.5}
{"ts": "2026-10-06T17:59:57Z", "level": "INFO", "logger": "quantumvision.inference", "msg": "prediction", "model": "hybrid", "faces": 1, "total_ms": 315.2}
{"ts": "2026-10-06T17:59:57Z", "level": "INFO", "logger": "quantumvision.inference", "msg": "prediction", "model": "hybrid", "faces": 1, "total_ms": 309.7}
{"ts": "2026-10-06T17:59:58Z", "level": "INFO", "logger": "quantumvision.inference", "msg": "prediction", "model": "hybrid", "faces": 1, "total_ms": 316.9}
{"ts": "2026-10-06T17:59:58Z", "level": "INFO", "logger": "quantumvision.inference", "msg": "prediction", "model": "hybrid", "faces": 1, "total_ms": 311.5}
{"ts": "2026-10-06T17:59:59Z", "level": "INFO", "logger": "quantumvision.inference", "msg": "prediction", "model": "hybrid", "faces": 1, "total_ms": 324.7}
{"ts": "2026-10-06T17:59:59Z", "level": "INFO", "logger": "quantumvision.inference", "msg": "prediction", "model": "hybrid", "faces": 1, "total_ms": 306.3}
{"ts": "2026-10-06T18:00:00Z", "level": "INFO", "logger": "quantumvision.inference", "msg": "prediction", "model": "hybrid", "faces": 1, "total_ms": 334.9}
{"ts": "2026-10-06T18:00:00Z", "level": "INFO", "logger": "quantumvision.inference", "msg": "prediction", "model": "hybrid", "faces": 1, "total_ms": 307.0}
{"ts": "2026-10-06T18:00:00Z", "level": "INFO", "logger": "quantumvision.app", "msg": "request", "method": "GET", "path": "/api/alerts", "status": 200, "ms": 11.7}
{"ts": "2026-10-06T18:00:00Z", "level": "INFO", "logger": "quantumvision.app", "msg": "request", "method": "GET", "path": "/api/health", "status": 200, "ms": 55.3}
{"ts": "2026-10-06T18:00:01Z", "level": "INFO", "logger": "quantumvision.inference", "msg": "prediction", "model": "hybrid", "faces": 1, "total_ms": 347.4}
{"ts": "2026-10-06T18:00:01Z", "level": "INFO", "logger": "quantumvision.inference", "msg": "prediction", "model": "hybrid", "faces": 1, "total_ms": 296.9}
{"ts": "2026-10-06T18:00:02Z", "level": "INFO", "logger": "quantumvision.inference", "msg": "prediction", "model": "hybrid", "faces": 1, "total_ms": 332.9}
{"ts": "2026-10-06T18:00:02Z", "level": "INFO", "logger": "quantumvision.inference", "msg": "prediction", "model": "hybrid", "faces": 1, "total_ms": 314.8}
{"ts": "2026-10-06T18:00:03Z", "level": "INFO", "logger": "quantumvision.inference", "msg": "prediction", "model": "hybrid", "faces": 1, "total_ms": 327.7}
{"ts": "2026-10-06T18:00:03Z", "level": "INFO", "logger": "quantumvision.inference", "msg": "prediction", "model": "hybrid", "faces": 1, "total_ms": 329.7}
{"ts": "2026-10-06T18:00:04Z", "level": "INFO", "logger": "quantumvision.inference", "msg": "prediction", "model": "hybrid", "faces": 1, "total_ms": 333.6}
{"ts": "2026-10-06T18:00:04Z", "level": "INFO", "logger": "quantumvision.inference", "msg": "prediction", "model": "hybrid", "faces": 1, "total_ms": 329.3}
{"ts": "2026-10-06T18:00:05Z", "level": "INFO", "logger": "quantumvision.inference", "msg": "prediction", "model": "hybrid", "faces": 1, "total_ms": 294.3}
{"ts": "2026-10-06T18:00:05Z", "level": "INFO", "logger": "quantumvision.inference", "msg": "prediction", "model": "hybrid", "faces": 1, "total_ms": 327.4}
{"ts": "2026-10-06T18:00:06Z", "level": "INFO", "logger": "quantumvision.inference", "msg": "prediction", "model": "hybrid", "faces": 1, "total_ms": 329.3}
{"ts": "2026-10-06T18:00:06Z", "level": "INFO", "logger": "quantumvision.inference", "msg": "prediction", "model": "hybrid", "faces": 1, "total_ms": 324.0}
{"ts": "2026-10-06T18:00:07Z", "level": "INFO", "logger": "quantumvision.inference", "msg": "prediction", "model": "hybrid", "faces": 1, "total_ms": 321.9}
{"ts": "2026-10-06T18:00:07Z", "level": "INFO", "logger": "quantumvision.inference", "msg": "prediction", "model": "hybrid", "faces": 1, "total_ms": 323.7}
{"ts": "2026-10-06T18:00:08Z", "level": "INFO", "logger": "quantumvision.inference", "msg": "prediction", "model": "hybrid", "faces": 1, "total_ms": 314.5}
{"ts": "2026-10-06T18:00:08Z", "level": "INFO", "logger": "quantumvision.inference", "msg": "prediction", "model": "hybrid", "faces": 1, "total_ms": 263.0}
{"ts": "2026-10-06T18:00:09Z", "level": "INFO", "logger": "quantumvision.inference", "msg": "prediction", "model": "hybrid", "faces": 1, "total_ms": 288.7}
{"ts": "2026-10-06T18:00:09Z", "level": "INFO", "logger": "quantumvision.inference", "msg": "prediction", "model": "hybrid", "faces": 1, "total_ms": 294.7}
{"ts": "2026-10-06T18:00:10Z", "level": "INFO", "logger": "quantumvision.inference", "msg": "prediction", "model": "hybrid", "faces": 1, "total_ms": 320.3}
{"ts": "2026-10-06T18:00:10Z", "level": "INFO", "logger": "quantumvision.inference", "msg": "prediction", "model": "hybrid", "faces": 1, "total_ms": 325.8}
{"ts": "2026-10-06T18:00:10Z", "level": "INFO", "logger": "quantumvision.app", "msg": "request", "method": "GET", "path": "/api/alerts", "status": 200, "ms": 7.1}
{"ts": "2026-10-06T18:00:11Z", "level": "INFO", "logger": "quantumvision.inference", "msg": "prediction", "model": "hybrid", "faces": 1, "total_ms": 332.9}
{"ts": "2026-10-06T18:00:11Z", "level": "INFO", "logger": "quantumvision.inference", "msg": "prediction", "model": "hybrid", "faces": 1, "total_ms": 321.5}
{"ts": "2026-10-06T18:00:12Z", "level": "INFO", "logger": "quantumvision.inference", "msg": "prediction", "model": "hybrid", "faces": 1, "total_ms": 332.0}
{"ts": "2026-10-06T18:00:12Z", "level": "INFO", "logger": "quantumvision.inference", "msg": "prediction", "model": "hybrid", "faces": 1, "total_ms": 313.2}
{"ts": "2026-10-06T18:00:13Z", "level": "INFO", "logger": "quantumvision.inference", "msg": "prediction", "model": "hybrid", "faces": 1, "total_ms": 335.6}
{"ts": "2026-10-06T18:00:13Z", "level": "INFO", "logger": "quantumvision.inference", "msg": "prediction", "model": "hybrid", "faces": 1, "total_ms": 331.4}
{"ts": "2026-10-06T18:00:14Z", "level": "INFO", "logger": "quantumvision.inference", "msg": "prediction", "model": "hybrid", "faces": 1, "total_ms": 330.0}
{"ts": "2026-10-06T18:00:14Z", "level": "INFO", "logger": "quantumvision.inference", "msg": "prediction", "model": "hybrid", "faces": 1, "total_ms": 337.6}
{"ts": "2026-10-06T18:00:15Z", "level": "INFO", "logger": "quantumvision.inference", "msg": "prediction", "model": "hybrid", "faces": 1, "total_ms": 301.2}
{"ts": "2026-10-06T18:00:15Z", "level": "INFO", "logger": "quantumvision.inference", "msg": "prediction", "model": "hybrid", "faces": 1, "total_ms": 319.7}
{"ts": "2026-10-06T18:00:16Z", "level": "INFO", "logger": "quantumvision.inference", "msg": "prediction", "model": "hybrid", "faces": 1, "total_ms": 292.5}
{"ts": "2026-10-06T18:00:16Z", "level": "INFO", "logger": "quantumvision.inference", "msg": "prediction", "model": "hybrid", "faces": 1, "total_ms": 287.8}
{"ts": "2026-10-06T18:00:17Z", "level": "INFO", "logger": "quantumvision.inference", "msg": "prediction", "model": "hybrid", "faces": 1, "total_ms": 563.9}
{"ts": "2026-10-06T18:00:18Z", "level": "INFO", "logger": "quantumvision.inference", "msg": "prediction", "model": "hybrid", "faces": 1, "total_ms": 342.9}
{"ts": "2026-10-06T18:00:18Z", "level": "INFO", "logger": "quantumvision.inference", "msg": "prediction", "model": "hybrid", "faces": 1, "total_ms": 324.3}
{"ts": "2026-10-06T18:00:19Z", "level": "INFO", "logger": "quantumvision.inference", "msg": "prediction", "model": "hybrid", "faces": 1, "total_ms": 305.1}
{"ts": "2026-10-06T18:00:19Z", "level": "INFO", "logger": "quantumvision.inference", "msg": "prediction", "model": "hybrid", "faces": 1, "total_ms": 328.9}
{"ts": "2026-10-06T18:00:20Z", "level": "INFO", "logger": "quantumvision.inference", "msg": "prediction", "model": "hybrid", "faces": 1, "total_ms": 328.3}
{"ts": "2026-10-06T18:00:20Z", "level": "INFO", "logger": "quantumvision.inference", "msg": "prediction", "model": "hybrid", "faces": 1, "total_ms": 326.9}
{"ts": "2026-10-06T18:00:20Z", "level": "INFO", "logger": "quantumvision.app", "msg": "request", "method": "GET", "path": "/api/alerts", "status": 200, "ms": 8.0}
{"ts": "2026-10-06T18:00:21Z", "level": "INFO", "logger": "quantumvision.inference", "msg": "prediction", "model": "hybrid", "faces": 1, "total_ms": 341.0}
{"ts": "2026-10-06T18:00:21Z", "level": "INFO", "logger": "quantumvision.inference", "msg": "prediction", "model": "hybrid", "faces": 1, "total_ms": 321.8}
{"ts": "2026-10-06T18:00:22Z", "level": "INFO", "logger": "quantumvision.inference", "msg": "prediction", "model": "hybrid", "faces": 1, "total_ms": 333.0}
{"ts": "2026-10-06T18:00:22Z", "level": "INFO", "logger": "quantumvision.inference", "msg": "prediction", "model": "hybrid", "faces": 1, "total_ms": 320.3}
{"ts": "2026-10-06T18:00:23Z", "level": "INFO", "logger": "quantumvision.inference", "msg": "prediction", "model": "hybrid", "faces": 1, "total_ms": 336.9}
{"ts": "2026-10-06T18:00:23Z", "level": "INFO", "logger": "quantumvision.inference", "msg": "prediction", "model": "hybrid", "faces": 1, "total_ms": 324.1}
{"ts": "2026-10-06T18:00:24Z", "level": "INFO", "logger": "quantumvision.inference", "msg": "prediction", "model": "hybrid", "faces": 1, "total_ms": 334.2}
{"ts": "2026-10-06T18:00:24Z", "level": "INFO", "logger": "quantumvision.inference", "msg": "prediction", "model": "hybrid", "faces": 1, "total_ms": 326.0}
{"ts": "2026-10-06T18:00:25Z", "level": "INFO", "logger": "quantumvision.inference", "msg": "prediction", "model": "hybrid", "faces": 1, "total_ms": 329.6}
{"ts": "2026-10-06T18:00:25Z", "level": "INFO", "logger": "quantumvision.inference", "msg": "prediction", "model": "hybrid", "faces": 1, "total_ms": 323.2}
{"ts": "2026-10-06T18:00:26Z", "level": "INFO", "logger": "quantumvision.inference", "msg": "prediction", "model": "hybrid", "faces": 1, "total_ms": 340.2}
{"ts": "2026-10-06T18:00:26Z", "level": "INFO", "logger": "quantumvision.inference", "msg": "prediction", "model": "hybrid", "faces": 1, "total_ms": 321.1}
{"ts": "2026-10-06T18:00:27Z", "level": "INFO", "logger": "quantumvision.inference", "msg": "prediction", "model": "hybrid", "faces": 1, "total_ms": 337.9}
{"ts": "2026-10-06T18:00:27Z", "level": "INFO", "logger": "quantumvision.inference", "msg": "prediction", "model": "hybrid", "faces": 1, "total_ms": 329.4}
{"ts": "2026-10-06T18:00:28Z", "level": "INFO", "logger": "quantumvision.inference", "msg": "prediction", "model": "hybrid", "faces": 1, "total_ms": 329.9}
{"ts": "2026-10-06T18:00:28Z", "level": "INFO", "logger": "quantumvision.inference", "msg": "prediction", "model": "hybrid", "faces": 1, "total_ms": 319.1}
{"ts": "2026-10-06T18:00:29Z", "level": "INFO", "logger": "quantumvision.inference", "msg": "prediction", "model": "hybrid", "faces": 1, "total_ms": 335.4}
{"ts": "2026-10-06T18:00:29Z", "level": "INFO", "logger": "quantumvision.inference", "msg": "prediction", "model": "hybrid", "faces": 1, "total_ms": 327.8}
{"ts": "2026-10-06T18:00:30Z", "level": "INFO", "logger": "quantumvision.inference", "msg": "prediction", "model": "hybrid", "faces": 1, "total_ms": 332.6}
{"ts": "2026-10-06T18:00:30Z", "level": "INFO", "logger": "quantumvision.inference", "msg": "prediction", "model": "hybrid", "faces": 1, "total_ms": 324.2}
{"ts": "2026-10-06T18:00:30Z", "level": "INFO", "logger": "quantumvision.app", "msg": "request", "method": "GET", "path": "/api/alerts", "status": 200, "ms": 12.5}
{"ts": "2026-10-06T18:00:30Z", "level": "INFO", "logger": "quantumvision.app", "msg": "request", "method": "GET", "path": "/api/health", "status": 200, "ms": 49.6}
{"ts": "2026-10-06T18:00:31Z", "level": "INFO", "logger": "quantumvision.inference", "msg": "prediction", "model": "hybrid", "faces": 1, "total_ms": 333.6}
{"ts": "2026-10-06T18:00:31Z", "level": "INFO", "logger": "quantumvision.inference", "msg": "prediction", "model": "hybrid", "faces": 1, "total_ms": 320.6}
{"ts": "2026-10-06T18:00:32Z", "level": "INFO", "logger": "quantumvision.inference", "msg": "prediction", "model": "hybrid", "faces": 1, "total_ms": 322.3}
{"ts": "2026-10-06T18:00:32Z", "level": "INFO", "logger": "quantumvision.inference", "msg": "prediction", "model": "hybrid", "faces": 1, "total_ms": 326.5}
{"ts": "2026-10-06T18:00:33Z", "level": "INFO", "logger": "quantumvision.inference", "msg": "prediction", "model": "hybrid", "faces": 1, "total_ms": 336.5}
{"ts": "2026-10-06T18:00:33Z", "level": "INFO", "logger": "quantumvision.inference", "msg": "prediction", "model": "hybrid", "faces": 1, "total_ms": 267.4}
{"ts": "2026-10-06T18:00:34Z", "level": "INFO", "logger": "quantumvision.inference", "msg": "prediction", "model": "hybrid", "faces": 1, "total_ms": 278.4}
{"ts": "2026-10-06T18:00:34Z", "level": "INFO", "logger": "quantumvision.inference", "msg": "prediction", "model": "hybrid", "faces": 1, "total_ms": 292.7}
{"ts": "2026-10-06T18:00:35Z", "level": "INFO", "logger": "quantumvision.inference", "msg": "prediction", "model": "hybrid", "faces": 1, "total_ms": 335.0}
{"ts": "2026-10-06T18:00:35Z", "level": "INFO", "logger": "quantumvision.inference", "msg": "prediction", "model": "hybrid", "faces": 1, "total_ms": 320.7}
{"ts": "2026-10-06T18:00:36Z", "level": "INFO", "logger": "quantumvision.inference", "msg": "prediction", "model": "hybrid", "faces": 1, "total_ms": 332.4}
{"ts": "2026-10-06T18:00:36Z", "level": "INFO", "logger": "quantumvision.inference", "msg": "prediction", "model": "hybrid", "faces": 1, "total_ms": 320.2}
{"ts": "2026-10-06T18:00:37Z", "level": "INFO", "logger": "quantumvision.inference", "msg": "prediction", "model": "hybrid", "faces": 1, "total_ms": 327.5}
{"ts": "2026-10-06T18:00:37Z", "level": "INFO", "logger": "quantumvision.inference", "msg": "prediction", "model": "hybrid", "faces": 1, "total_ms": 325.8}
{"ts": "2026-10-06T18:00:38Z", "level": "INFO", "logger": "quantumvision.inference", "msg": "prediction", "model": "hybrid", "faces": 1, "total_ms": 328.0}
{"ts": "2026-10-06T18:00:38Z", "level": "INFO", "logger": "quantumvision.inference", "msg": "prediction", "model": "hybrid", "faces": 1, "total_ms": 313.5}
{"ts": "2026-10-06T18:00:39Z", "level": "INFO", "logger": "quantumvision.inference", "msg": "prediction", "model": "hybrid", "faces": 1, "total_ms": 338.2}
{"ts": "2026-10-06T18:00:40Z", "level": "INFO", "logger": "quantumvision.inference", "msg": "prediction", "model": "hybrid", "faces": 1, "total_ms": 327.1}
{"ts": "2026-10-06T18:00:40Z", "level": "INFO", "logger": "quantumvision.app", "msg": "request", "method": "GET", "path": "/api/alerts", "status": 200, "ms": 6.6}
{"ts": "2026-10-06T18:00:41Z", "level": "INFO", "logger": "quantumvision.inference", "msg": "prediction", "model": "hybrid", "faces": 1, "total_ms": 336.0}
{"ts": "2026-10-06T18:00:41Z", "level": "INFO", "logger": "quantumvision.inference", "msg": "prediction", "model": "hybrid", "faces": 1, "total_ms": 314.5}
{"ts": "2026-10-06T18:00:42Z", "level": "INFO", "logger": "quantumvision.inference", "msg": "prediction", "model": "hybrid", "faces": 1, "total_ms": 333.0}
{"ts": "2026-10-06T18:00:42Z", "level": "INFO", "logger": "quantumvision.inference", "msg": "prediction", "model": "hybrid", "faces": 1, "total_ms": 322.3}
{"ts": "2026-10-06T18:00:43Z", "level": "INFO", "logger": "quantumvision.inference", "msg": "prediction", "model": "hybrid", "faces": 1, "total_ms": 330.0}
{"ts": "2026-10-06T18:00:43Z", "level": "INFO", "logger": "quantumvision.inference", "msg": "prediction", "model": "hybrid", "faces": 1, "total_ms": 321.6}
{"ts": "2026-10-06T18:00:44Z", "level": "INFO", "logger": "quantumvision.inference", "msg": "prediction", "model": "hybrid", "faces": 1, "total_ms": 326.3}
{"ts": "2026-10-06T18:00:44Z", "level": "INFO", "logger": "quantumvision.inference", "msg": "prediction", "model": "hybrid", "faces": 1, "total_ms": 316.3}
{"ts": "2026-10-06T18:00:45Z", "level": "INFO", "logger": "quantumvision.inference", "msg": "prediction", "model": "hybrid", "faces": 1, "total_ms": 256.8}
{"ts": "2026-10-06T18:00:47Z", "level": "INFO", "logger": "quantumvision.inference", "msg": "prediction", "model": "hybrid", "faces": 1, "total_ms": 331.0}
{"ts": "2026-10-06T18:00:48Z", "level": "INFO", "logger": "quantumvision.inference", "msg": "prediction", "model": "hybrid", "faces": 1, "total_ms": 329.8}
{"ts": "2026-10-06T18:00:48Z", "level": "INFO", "logger": "quantumvision.inference", "msg": "prediction", "model": "hybrid", "faces": 1, "total_ms": 320.5}
{"ts": "2026-10-06T18:00:49Z", "level": "INFO", "logger": "quantumvision.inference", "msg": "prediction", "model": "hybrid", "faces": 1, "total_ms": 329.3}
{"ts": "2026-10-06T18:00:49Z", "level": "INFO", "logger": "quantumvision.inference", "msg": "prediction", "model": "hybrid", "faces": 1, "total_ms": 317.2}
{"ts": "2026-10-06T18:00:50Z", "level": "INFO", "logger": "quantumvision.inference", "msg": "prediction", "model": "hybrid", "faces": 1, "total_ms": 334.6}
{"ts": "2026-10-06T18:00:50Z", "level": "INFO", "logger": "quantumvision.inference", "msg": "prediction", "model": "hybrid", "faces": 1, "total_ms": 324.2}
{"ts": "2026-10-06T18:00:50Z", "level": "INFO", "logger": "quantumvision.app", "msg": "request", "method": "GET", "path": "/api/alerts", "status": 200, "ms": 7.4}
{"ts": "2026-10-06T18:00:51Z", "level": "INFO", "logger": "quantumvision.inference", "msg": "prediction", "model": "hybrid", "faces": 1, "total_ms": 335.0}
{"ts": "2026-10-06T18:00:51Z", "level": "INFO", "logger": "quantumvision.inference", "msg": "prediction", "model": "hybrid", "faces": 1, "total_ms": 314.1}
{"ts": "2026-10-06T18:00:52Z", "level": "INFO", "logger": "quantumvision.inference", "msg": "prediction", "model": "hybrid", "faces": 1, "total_ms": 323.8}
{"ts": "2026-10-06T18:00:52Z", "level": "INFO", "logger": "quantumvision.inference", "msg": "prediction", "model": "hybrid", "faces": 1, "total_ms": 325.8}
{"ts": "2026-10-06T18:00:53Z", "level": "INFO", "logger": "quantumvision.inference", "msg": "prediction", "model": "hybrid", "faces": 1, "total_ms": 329.3}
{"ts": "2026-10-06T18:00:53Z", "level": "INFO", "logger": "quantumvision.inference", "msg": "prediction", "model": "hybrid", "faces": 1, "total_ms": 326.8}
{"ts": "2026-10-06T18:00:54Z", "level": "INFO", "logger": "quantumvision.inference", "msg": "prediction", "model": "hybrid", "faces": 1, "total_ms": 333.1}
{"ts": "2026-10-06T18:00:54Z", "level": "INFO", "logger": "quantumvision.inference", "msg": "prediction", "model": "hybrid", "faces": 1, "total_ms": 317.3}
{"ts": "2026-10-06T18:00:55Z", "level": "INFO", "logger": "quantumvision.inference", "msg": "prediction", "model": "hybrid", "faces": 1, "total_ms": 331.3}
{"ts": "2026-10-06T18:00:55Z", "level": "INFO", "logger": "quantumvision.inference", "msg": "prediction", "model": "hybrid", "faces": 1, "total_ms": 320.1}
{"ts": "2026-10-06T18:00:56Z", "level": "INFO", "logger": "quantumvision.inference", "msg": "prediction", "model": "hybrid", "faces": 1, "total_ms": 334.8}
{"ts": "2026-10-06T18:00:56Z", "level": "INFO", "logger": "quantumvision.inference", "msg": "prediction", "model": "hybrid", "faces": 1, "total_ms": 319.8}
{"ts": "2026-10-06T18:00:57Z", "level": "INFO", "logger": "quantumvision.inference", "msg": "prediction", "model": "hybrid", "faces": 1, "total_ms": 328.9}
{"ts": "2026-10-06T18:00:57Z", "level": "INFO", "logger": "quantumvision.inference", "msg": "prediction", "model": "hybrid", "faces": 1, "total_ms": 325.8}
{"ts": "2026-10-06T18:00:58Z", "level": "INFO", "logger": "quantumvision.inference", "msg": "prediction", "model": "hybrid", "faces": 1, "total_ms": 304.8}
{"ts": "2026-10-06T18:00:58Z", "level": "INFO", "logger": "quantumvision.inference", "msg": "prediction", "model": "hybrid", "faces": 1, "total_ms": 307.6}
{"ts": "2026-10-06T18:00:59Z", "level": "INFO", "logger": "quantumvision.inference", "msg": "prediction", "model": "hybrid", "faces": 1, "total_ms": 287.8}
{"ts": "2026-10-06T18:00:59Z", "level": "INFO", "logger": "quantumvision.inference", "msg": "prediction", "model": "hybrid", "faces": 1, "total_ms": 262.8}
{"ts": "2026-10-06T18:01:00Z", "level": "INFO", "logger": "quantumvision.inference", "msg": "prediction", "model": "hybrid", "faces": 1, "total_ms": 337.7}
{"ts": "2026-10-06T18:01:00Z", "level": "INFO", "logger": "quantumvision.inference", "msg": "prediction", "model": "hybrid", "faces": 1, "total_ms": 310.1}
{"ts": "2026-10-06T18:01:00Z", "level": "INFO", "logger": "quantumvision.app", "msg": "request", "method": "GET", "path": "/api/alerts", "status": 200, "ms": 11.4}
{"ts": "2026-10-06T18:01:00Z", "level": "INFO", "logger": "quantumvision.app", "msg": "request", "method": "GET", "path": "/api/health", "status": 200, "ms": 43.3}
{"ts": "2026-10-06T18:01:02Z", "level": "INFO", "logger": "quantumvision.inference", "msg": "prediction", "model": "hybrid", "faces": 1, "total_ms": 338.1}
{"ts": "2026-10-06T18:01:03Z", "level": "INFO", "logger": "quantumvision.inference", "msg": "prediction", "model": "hybrid", "faces": 1, "total_ms": 301.3}
{"ts": "2026-10-06T18:01:05Z", "level": "INFO", "logger": "quantumvision.inference", "msg": "prediction", "model": "hybrid", "faces": 1, "total_ms": 312.2}
{"ts": "2026-10-06T18:01:07Z", "level": "INFO", "logger": "quantumvision.inference", "msg": "prediction", "model": "hybrid", "faces": 1, "total_ms": 313.9}
{"ts": "2026-10-06T18:01:09Z", "level": "INFO", "logger": "quantumvision.inference", "msg": "prediction", "model": "hybrid", "faces": 1, "total_ms": 304.1}
{"ts": "2026-10-06T18:01:10Z", "level": "INFO", "logger": "quantumvision.app", "msg": "request", "method": "GET", "path": "/api/alerts", "status": 200, "ms": 4.4}
{"ts": "2026-10-06T18:01:12Z", "level": "INFO", "logger": "quantumvision.inference", "msg": "prediction", "model": "hybrid", "faces": 1, "total_ms": 291.8}
{"ts": "2026-10-06T18:01:12Z", "level": "INFO", "logger": "quantumvision.inference", "msg": "prediction", "model": "hybrid", "faces": 1, "total_ms": 292.1}
{"ts": "2026-10-06T18:01:13Z", "level": "INFO", "logger": "quantumvision.inference", "msg": "prediction", "model": "hybrid", "faces": 1, "total_ms": 300.3}
{"ts": "2026-10-06T18:01:14Z", "level": "INFO", "logger": "quantumvision.app", "msg": "request", "method": "GET", "path": "/api/cameras", "status": 200, "ms": 26.1}
{"ts": "2026-10-06T18:01:14Z", "level": "INFO", "logger": "quantumvision.app", "msg": "request", "method": "GET", "path": "/api/analytics", "status": 200, "ms": 46.6}
{"ts": "2026-10-06T18:01:14Z", "level": "INFO", "logger": "quantumvision.app", "msg": "request", "method": "GET", "path": "/api/cameras", "status": 200, "ms": 22.7}
{"ts": "2026-10-06T18:01:14Z", "level": "INFO", "logger": "quantumvision.app", "msg": "request", "method": "GET", "path": "/api/analytics", "status": 200, "ms": 34.4}
{"ts": "2026-10-06T18:01:19Z", "level": "INFO", "logger": "quantumvision.app", "msg": "request", "method": "GET", "path": "/api/cameras", "status": 200, "ms": 13.5}
{"ts": "2026-10-06T18:01:19Z", "level": "INFO", "logger": "quantumvision.app", "msg": "request", "method": "GET", "path": "/api/cameras", "status": 200, "ms": 12.2}
{"ts": "2026-10-06T18:01:20Z", "level": "INFO", "logger": "quantumvision.app", "msg": "request", "method": "GET", "path": "/api/alerts", "status": 200, "ms": 7.4}
INFO:     127.0.0.1:52449 - "WebSocket /ws/surveillance/CAM-001?token=eyJhbGciOiJIUzI1NiIsInR5cCI6IkpXVCJ9.eyJzdWIiOiJh
ZG1pbkBxdWFudHVtdmlzaW9uLmxvY2FsIiwicm9sZSI6IkFETUlOIiwiZXhwIjoxNzkxMzUyMTg5fQ.lv4C3s3mYMlXQ3weS2SmilVYADxMLVypMQSXYllG
R5U" [accepted]
INFO:     connection open
{"ts": "2026-10-06T18:01:23Z", "level": "INFO", "logger": "quantumvision.inference", "msg": "prediction", "model": "hybrid", "faces": 1, "total_ms": 299.4}
{"ts": "2026-10-06T18:01:23Z", "level": "INFO", "logger": "quantumvision.inference", "msg": "prediction", "model": "hybrid", "faces": 1, "total_ms": 268.6}
{"ts": "2026-10-06T18:01:24Z", "level": "INFO", "logger": "quantumvision.inference", "msg": "prediction", "model": "hybrid", "faces": 1, "total_ms": 307.1}
{"ts": "2026-10-06T18:01:24Z", "level": "INFO", "logger": "quantumvision.inference", "msg": "prediction", "model": "hybrid", "faces": 1, "total_ms": 316.0}
{"ts": "2026-10-06T18:01:25Z", "level": "INFO", "logger": "quantumvision.inference", "msg": "prediction", "model": "hybrid", "faces": 1, "total_ms": 310.2}
{"ts": "2026-10-06T18:01:25Z", "level": "INFO", "logger": "quantumvision.inference", "msg": "prediction", "model": "hybrid", "faces": 1, "total_ms": 313.3}
{"ts": "2026-10-06T18:01:26Z", "level": "INFO", "logger": "quantumvision.inference", "msg": "prediction", "model": "hybrid", "faces": 1, "total_ms": 298.0}
{"ts": "2026-10-06T18:01:26Z", "level": "INFO", "logger": "quantumvision.inference", "msg": "prediction", "model": "hybrid", "faces": 1, "total_ms": 321.2}
{"ts": "2026-10-06T18:01:27Z", "level": "INFO", "logger": "quantumvision.inference", "msg": "prediction", "model": "hybrid", "faces": 1, "total_ms": 310.1}
{"ts": "2026-10-06T18:01:27Z", "level": "INFO", "logger": "quantumvision.inference", "msg": "prediction", "model": "hybrid", "faces": 1, "total_ms": 308.6}
{"ts": "2026-10-06T18:01:28Z", "level": "INFO", "logger": "quantumvision.inference", "msg": "prediction", "model": "hybrid", "faces": 1, "total_ms": 316.3}
{"ts": "2026-10-06T18:01:28Z", "level": "INFO", "logger": "quantumvision.inference", "msg": "prediction", "model": "hybrid", "faces": 1, "total_ms": 298.1}
{"ts": "2026-10-06T18:01:29Z", "level": "INFO", "logger": "quantumvision.inference", "msg": "prediction", "model": "hybrid", "faces": 1, "total_ms": 310.5}
{"ts": "2026-10-06T18:01:29Z", "level": "INFO", "logger": "quantumvision.inference", "msg": "prediction", "model": "hybrid", "faces": 1, "total_ms": 307.0}
{"ts": "2026-10-06T18:01:30Z", "level": "INFO", "logger": "quantumvision.inference", "msg": "prediction", "model": "hybrid", "faces": 1, "total_ms": 233.6}
{"ts": "2026-10-06T18:01:30Z", "level": "INFO", "logger": "quantumvision.inference", "msg": "prediction", "model": "hybrid", "faces": 1, "total_ms": 308.8}
{"ts": "2026-10-06T18:01:30Z", "level": "INFO", "logger": "quantumvision.app", "msg": "request", "method": "GET", "path": "/api/alerts", "status": 200, "ms": 11.8}
{"ts": "2026-10-06T18:01:30Z", "level": "INFO", "logger": "quantumvision.app", "msg": "request", "method": "GET", "path": "/api/health", "status": 200, "ms": 47.4}
{"ts": "2026-10-06T18:01:31Z", "level": "INFO", "logger": "quantumvision.inference", "msg": "prediction", "model": "hybrid", "faces": 1, "total_ms": 241.4}
{"ts": "2026-10-06T18:01:31Z", "level": "INFO", "logger": "quantumvision.inference", "msg": "prediction", "model": "hybrid", "faces": 1, "total_ms": 308.5}
{"ts": "2026-10-06T18:01:32Z", "level": "INFO", "logger": "quantumvision.inference", "msg": "prediction", "model": "hybrid", "faces": 1, "total_ms": 310.5}
{"ts": "2026-10-06T18:01:32Z", "level": "INFO", "logger": "quantumvision.inference", "msg": "prediction", "model": "hybrid", "faces": 1, "total_ms": 307.8}
{"ts": "2026-10-06T18:01:33Z", "level": "INFO", "logger": "quantumvision.inference", "msg": "prediction", "model": "hybrid", "faces": 1, "total_ms": 317.3}
{"ts": "2026-10-06T18:01:33Z", "level": "INFO", "logger": "quantumvision.inference", "msg": "prediction", "model": "hybrid", "faces": 1, "total_ms": 303.3}
{"ts": "2026-10-06T18:01:34Z", "level": "INFO", "logger": "quantumvision.inference", "msg": "prediction", "model": "hybrid", "faces": 1, "total_ms": 309.9}
{"ts": "2026-10-06T18:01:34Z", "level": "INFO", "logger": "quantumvision.inference", "msg": "prediction", "model": "hybrid", "faces": 1, "total_ms": 309.4}
{"ts": "2026-10-06T18:01:35Z", "level": "INFO", "logger": "quantumvision.inference", "msg": "prediction", "model": "hybrid", "faces": 1, "total_ms": 317.6}
{"ts": "2026-10-06T18:01:35Z", "level": "INFO", "logger": "quantumvision.inference", "msg": "prediction", "model": "hybrid", "faces": 1, "total_ms": 308.8}
{"ts": "2026-10-06T18:01:36Z", "level": "INFO", "logger": "quantumvision.inference", "msg": "prediction", "model": "hybrid", "faces": 1, "total_ms": 305.2}
{"ts": "2026-10-06T18:01:36Z", "level": "INFO", "logger": "quantumvision.inference", "msg": "prediction", "model": "hybrid", "faces": 1, "total_ms": 312.3}
{"ts": "2026-10-06T18:01:37Z", "level": "INFO", "logger": "quantumvision.inference", "msg": "prediction", "model": "hybrid", "faces": 1, "total_ms": 320.3}
{"ts": "2026-10-06T18:01:37Z", "level": "INFO", "logger": "quantumvision.inference", "msg": "prediction", "model": "hybrid", "faces": 1, "total_ms": 306.5}
{"ts": "2026-10-06T18:01:38Z", "level": "INFO", "logger": "quantumvision.inference", "msg": "prediction", "model": "hybrid", "faces": 1, "total_ms": 314.3}
{"ts": "2026-10-06T18:01:38Z", "level": "INFO", "logger": "quantumvision.inference", "msg": "prediction", "model": "hybrid", "faces": 1, "total_ms": 318.7}
{"ts": "2026-10-06T18:01:39Z", "level": "INFO", "logger": "quantumvision.inference", "msg": "prediction", "model": "hybrid", "faces": 1, "total_ms": 308.9}
{"ts": "2026-10-06T18:01:39Z", "level": "INFO", "logger": "quantumvision.inference", "msg": "prediction", "model": "hybrid", "faces": 1, "total_ms": 315.0}
{"ts": "2026-10-06T18:01:40Z", "level": "INFO", "logger": "quantumvision.inference", "msg": "prediction", "model": "hybrid", "faces": 1, "total_ms": 313.4}
{"ts": "2026-10-06T18:01:40Z", "level": "INFO", "logger": "quantumvision.inference", "msg": "prediction", "model": "hybrid", "faces": 1, "total_ms": 301.4}
{"ts": "2026-10-06T18:01:40Z", "level": "INFO", "logger": "quantumvision.app", "msg": "request", "method": "GET", "path": "/api/alerts", "status": 200, "ms": 11.6}
{"ts": "2026-10-06T18:01:41Z", "level": "INFO", "logger": "quantumvision.inference", "msg": "prediction", "model": "hybrid", "faces": 1, "total_ms": 316.1}
{"ts": "2026-10-06T18:01:41Z", "level": "INFO", "logger": "quantumvision.inference", "msg": "prediction", "model": "hybrid", "faces": 1, "total_ms": 305.3}
{"ts": "2026-10-06T18:01:42Z", "level": "INFO", "logger": "quantumvision.inference", "msg": "prediction", "model": "hybrid", "faces": 1, "total_ms": 317.0}
{"ts": "2026-10-06T18:01:42Z", "level": "INFO", "logger": "quantumvision.inference", "msg": "prediction", "model": "hybrid", "faces": 1, "total_ms": 269.3}
{"ts": "2026-10-06T18:01:43Z", "level": "INFO", "logger": "quantumvision.inference", "msg": "prediction", "model": "hybrid", "faces": 1, "total_ms": 277.8}
{"ts": "2026-10-06T18:01:43Z", "level": "INFO", "logger": "quantumvision.inference", "msg": "prediction", "model": "hybrid", "faces": 1, "total_ms": 267.4}
{"ts": "2026-10-06T18:01:44Z", "level": "INFO", "logger": "quantumvision.inference", "msg": "prediction", "model": "hybrid", "faces": 1, "total_ms": 318.7}
{"ts": "2026-10-06T18:01:44Z", "level": "INFO", "logger": "quantumvision.inference", "msg": "prediction", "model": "hybrid", "faces": 1, "total_ms": 302.3}
{"ts": "2026-10-06T18:01:45Z", "level": "INFO", "logger": "quantumvision.inference", "msg": "prediction", "model": "hybrid", "faces": 1, "total_ms": 321.6}
{"ts": "2026-10-06T18:01:45Z", "level": "INFO", "logger": "quantumvision.inference", "msg": "prediction", "model": "hybrid", "faces": 1, "total_ms": 313.4}
{"ts": "2026-10-06T18:01:46Z", "level": "INFO", "logger": "quantumvision.inference", "msg": "prediction", "model": "hybrid", "faces": 1, "total_ms": 291.4}
{"ts": "2026-10-06T18:01:46Z", "level": "INFO", "logger": "quantumvision.inference", "msg": "prediction", "model": "hybrid", "faces": 1, "total_ms": 321.1}
{"ts": "2026-10-06T18:01:47Z", "level": "INFO", "logger": "quantumvision.inference", "msg": "prediction", "model": "hybrid", "faces": 1, "total_ms": 318.2}
{"ts": "2026-10-06T18:01:47Z", "level": "INFO", "logger": "quantumvision.inference", "msg": "prediction", "model": "hybrid", "faces": 1, "total_ms": 297.0}
{"ts": "2026-10-06T18:01:48Z", "level": "INFO", "logger": "quantumvision.inference", "msg": "prediction", "model": "hybrid", "faces": 1, "total_ms": 320.4}
{"ts": "2026-10-06T18:01:48Z", "level": "INFO", "logger": "quantumvision.inference", "msg": "prediction", "model": "hybrid", "faces": 1, "total_ms": 311.5}
{"ts": "2026-10-06T18:01:49Z", "level": "INFO", "logger": "quantumvision.inference", "msg": "prediction", "model": "hybrid", "faces": 1, "total_ms": 327.1}
{"ts": "2026-10-06T18:01:49Z", "level": "INFO", "logger": "quantumvision.inference", "msg": "prediction", "model": "hybrid", "faces": 1, "total_ms": 315.4}
{"ts": "2026-10-06T18:01:50Z", "level": "INFO", "logger": "quantumvision.inference", "msg": "prediction", "model": "hybrid", "faces": 1, "total_ms": 310.5}
{"ts": "2026-10-06T18:01:50Z", "level": "INFO", "logger": "quantumvision.app", "msg": "request", "method": "GET", "path": "/api/alerts", "status": 200, "ms": 15.4}
{"ts": "2026-10-06T18:01:51Z", "level": "INFO", "logger": "quantumvision.inference", "msg": "prediction", "model": "hybrid", "faces": 1, "total_ms": 357.6}
{"ts": "2026-10-06T18:01:52Z", "level": "INFO", "logger": "quantumvision.inference", "msg": "prediction", "model": "hybrid", "faces": 1, "total_ms": 308.1}
{"ts": "2026-10-06T18:01:52Z", "level": "INFO", "logger": "quantumvision.inference", "msg": "prediction", "model": "hybrid", "faces": 1, "total_ms": 300.6}
{"ts": "2026-10-06T18:01:53Z", "level": "INFO", "logger": "quantumvision.app", "msg": "request", "method": "GET", "path": "/api/cameras", "status": 200, "ms": 16.9}
{"ts": "2026-10-06T18:01:53Z", "level": "INFO", "logger": "quantumvision.app", "msg": "request", "method": "GET", "path": "/api/analytics", "status": 200, "ms": 54.1}
{"ts": "2026-10-06T18:01:53Z", "level": "INFO", "logger": "quantumvision.app", "msg": "request", "method": "GET", "path": "/api/cameras", "status": 200, "ms": 29.9}
{"ts": "2026-10-06T18:01:54Z", "level": "INFO", "logger": "quantumvision.app", "msg": "request", "method": "GET", "path": "/api/analytics", "status": 200, "ms": 37.0}
{"ts": "2026-10-06T18:01:55Z", "level": "INFO", "logger": "quantumvision.app", "msg": "request", "method": "GET", "path": "/api/alerts", "status": 200, "ms": 10.6}
{"ts": "2026-10-06T18:01:55Z", "level": "INFO", "logger": "quantumvision.app", "msg": "request", "method": "GET", "path": "/api/alerts", "status": 200, "ms": 10.9}
{"ts": "2026-10-06T18:01:55Z", "level": "INFO", "logger": "quantumvision.app", "msg": "request", "method": "GET", "path": "/api/cameras", "status": 200, "ms": 27.0}
{"ts": "2026-10-06T18:01:55Z", "level": "INFO", "logger": "quantumvision.app", "msg": "request", "method": "GET", "path": "/api/analytics", "status": 200, "ms": 68.4}
{"ts": "2026-10-06T18:01:55Z", "level": "INFO", "logger": "quantumvision.app", "msg": "request", "method": "GET", "path": "/api/cameras", "status": 200, "ms": 26.5}
{"ts": "2026-10-06T18:01:55Z", "level": "INFO", "logger": "quantumvision.app", "msg": "request", "method": "GET", "path": "/api/analytics", "status": 200, "ms": 42.0}
{"ts": "2026-10-06T18:02:00Z", "level": "INFO", "logger": "quantumvision.app", "msg": "request", "method": "GET", "path": "/api/cameras", "status": 200, "ms": 33.5}
{"ts": "2026-10-06T18:02:00Z", "level": "INFO", "logger": "quantumvision.app", "msg": "request", "method": "GET", "path": "/api/analytics", "status": 200, "ms": 42.3}
{"ts": "2026-10-06T18:02:00Z", "level": "INFO", "logger": "quantumvision.app", "msg": "request", "method": "GET", "path": "/api/cameras", "status": 200, "ms": 23.3}
{"ts": "2026-10-06T18:02:00Z", "level": "INFO", "logger": "quantumvision.app", "msg": "request", "method": "GET", "path": "/api/analytics", "status": 200, "ms": 34.2}
{"ts": "2026-10-06T18:02:00Z", "level": "INFO", "logger": "quantumvision.app", "msg": "request", "method": "GET", "path": "/api/quantum/circuit", "status": 200, "ms": 17.8}
{"ts": "2026-10-06T18:02:00Z", "level": "INFO", "logger": "quantumvision.app", "msg": "request", "method": "GET", "path": "/api/quantum/circuit", "status": 200, "ms": 13.1}
{"ts": "2026-10-06T18:02:00Z", "level": "INFO", "logger": "quantumvision.app", "msg": "request", "method": "GET", "path": "/api/alerts", "status": 200, "ms": 9.7}
{"ts": "2026-10-06T18:02:00Z", "level": "INFO", "logger": "quantumvision.app", "msg": "request", "method": "GET", "path": "/api/health", "status": 200, "ms": 41.8}
{"ts": "2026-10-06T18:02:01Z", "level": "INFO", "logger": "quantumvision.app", "msg": "request", "method": "GET", "path": "/api/model/metrics", "status": 200, "ms": 16.6}
{"ts": "2026-10-06T18:02:01Z", "level": "INFO", "logger": "quantumvision.app", "msg": "request", "method": "GET", "path": "/api/model/metrics", "status": 200, "ms": 8.6}
{"ts": "2026-10-06T18:02:04Z", "level": "INFO", "logger": "quantumvision.app", "msg": "request", "method": "GET", "path": "/api/cameras", "status": 200, "ms": 16.5}
{"ts": "2026-10-06T18:02:04Z", "level": "INFO", "logger": "quantumvision.app", "msg": "request", "method": "GET", "path": "/api/cameras", "status": 200, "ms": 14.9}
