  [train] 64/28709 images  (6s)
  [train] 1344/28709 images  (9s)
  [train] 2624/28709 images  (13s)
  [train] 3904/28709 images  (17s)
  [train] 5184/28709 images  (20s)
  [train] 6464/28709 images  (24s)
  [train] 7744/28709 images  (28s)
  [train] 9024/28709 images  (32s)
  [train] 10304/28709 images  (36s)
  [train] 11584/28709 images  (40s)
  [train] 12864/28709 images  (44s)
  [train] 14144/28709 images  (49s)
  [train] 15424/28709 images  (60s)
  [train] 16704/28709 images  (71s)
  [train] 17984/28709 images  (82s)
  [train] 19264/28709 images  (96s)
  [train] 20544/28709 images  (108s)
  [train] 21824/28709 images  (120s)
  [train] 23104/28709 images  (131s)
  [train] 24384/28709 images  (141s)
  [train] 25664/28709 images  (152s)
  [train] 26944/28709 images  (162s)
  [train] 28224/28709 images  (173s)
  [train] 28709/28709 images  (177s)
  [train flip] 64/28709 images  (11s)
  [train flip] 1344/28709 images  (20s)
  [train flip] 2624/28709 images  (29s)
  [train flip] 3904/28709 images  (37s)
  [train flip] 5184/28709 images  (45s)
  [train flip] 6464/28709 images  (54s)
  [train flip] 7744/28709 images  (63s)
  [train flip] 9024/28709 images  (71s)
  [train flip] 10304/28709 images  (79s)
  [train flip] 11584/28709 images  (87s)
  [train flip] 12864/28709 images  (95s)
  [train flip] 14144/28709 images  (104s)
  [train flip] 15424/28709 images  (112s)
  [train flip] 16704/28709 images  (120s)
  [train flip] 17984/28709 images  (128s)
  [train flip] 19264/28709 images  (136s)
  [train flip] 20544/28709 images  (145s)
  [train flip] 21824/28709 images  (153s)
  [train flip] 23104/28709 images  (160s)
  [train flip] 24384/28709 images  (169s)
  [train flip] 25664/28709 images  (177s)
  [train flip] 26944/28709 images  (185s)
  [train flip] 28224/28709 images  (193s)
  [train flip] 28709/28709 images  (196s)
  [validation] 64/3589 images  (11s)
  [validation] 1344/3589 images  (41s)
  [validation] 2624/3589 images  (78s)
  [validation] 3589/3589 images  (99s)
  [test] 64/3589 images  (11s)
  [test] 1344/3589 images  (41s)
  [test] 2624/3589 images  (72s)
  [test] 3589/3589 images  (93s)
{'backbone': 'resnet50', 'weights': 'v1', 'pretrained': True, 'image_size': 224, 'feature_dim': 2048, 'device': 'cuda', 'flip_train': True, 'limit': None, 'backbone_latency_ms_batch1': 10.090600000694394}
