[fine-tune] unfreeze=layer4 epochs=15 bs=96 lr=0.0003 seed=42 limit=None
[classical/fine_tuning] trainable parameters=15,491,079
epoch 01/15  loss 1.4719  train_acc 0.445  val_acc 0.538  val_macroF1 0.480  (178.4s)
epoch 02/15  loss 1.2413  train_acc 0.534  val_acc 0.552  val_macroF1 0.490  (126.2s)
epoch 03/15  loss 1.1515  train_acc 0.566  val_acc 0.554  val_macroF1 0.495  (121.5s)
epoch 04/15  loss 1.0812  train_acc 0.586  val_acc 0.577  val_macroF1 0.513  (119.4s)
epoch 05/15  loss 1.0257  train_acc 0.606  val_acc 0.610  val_macroF1 0.571  (122.0s)
epoch 06/15  loss 0.9773  train_acc 0.622  val_acc 0.618  val_macroF1 0.582  (125.2s)
epoch 07/15  loss 0.9367  train_acc 0.636  val_acc 0.615  val_macroF1 0.563  (127.9s)
epoch 08/15  loss 0.8994  train_acc 0.649  val_acc 0.631  val_macroF1 0.585  (127.2s)
epoch 09/15  loss 0.8556  train_acc 0.664  val_acc 0.643  val_macroF1 0.615  (123.0s)
epoch 10/15  loss 0.8154  train_acc 0.679  val_acc 0.640  val_macroF1 0.604  (125.9s)
epoch 11/15  loss 0.7871  train_acc 0.687  val_acc 0.644  val_macroF1 0.622  (127.2s)
epoch 12/15  loss 0.7514  train_acc 0.703  val_acc 0.643  val_macroF1 0.618  (127.8s)
epoch 13/15  loss 0.7288  train_acc 0.710  val_acc 0.659  val_macroF1 0.636  (127.8s)
epoch 14/15  loss 0.7097  train_acc 0.716  val_acc 0.657  val_macroF1 0.634  (126.1s)
epoch 15/15  loss 0.6941  train_acc 0.721  val_acc 0.659  val_macroF1 0.636  (122.3s)
[fine-tune] best val macroF1=0.6361 epoch=13 time=36.2 min
[fine-tune] saved backbone -> C:\Users\Pranav\OneDrive\Desktop\Minor_project\ml\models\backbone_ft.pt
[extract] re-extracting features from the fine-tuned backbone -> C:\Users\Pranav\OneDrive\Desktop\Minor_project\ml\models\features
  [train] 64/28709 images  (38s)
  [train] 1344/28709 images  (42s)
  [train] 2624/28709 images  (46s)
  [train] 3904/28709 images  (50s)
  [train] 5184/28709 images  (55s)
  [train] 6464/28709 images  (59s)
  [train] 7744/28709 images  (63s)
  [train] 9024/28709 images  (67s)
  [train] 10304/28709 images  (71s)
  [train] 11584/28709 images  (75s)
  [train] 12864/28709 images  (79s)
  [train] 14144/28709 images  (83s)
  [train] 15424/28709 images  (87s)
  [train] 16704/28709 images  (91s)
  [train] 17984/28709 images  (95s)
  [train] 19264/28709 images  (99s)
  [train] 20544/28709 images  (104s)
  [train] 21824/28709 images  (108s)
  [train] 23104/28709 images  (112s)
  [train] 24384/28709 images  (116s)
  [train] 25664/28709 images  (120s)
  [train] 26944/28709 images  (124s)
  [train] 28224/28709 images  (128s)
  [train] 28709/28709 images  (130s)
  [train flip] 64/28709 images  (31s)
  [train flip] 1344/28709 images  (37s)
  [train flip] 2624/28709 images  (44s)
  [train flip] 3904/28709 images  (51s)
  [train flip] 5184/28709 images  (56s)
  [train flip] 6464/28709 images  (60s)
  [train flip] 7744/28709 images  (64s)
  [train flip] 9024/28709 images  (68s)
  [train flip] 10304/28709 images  (73s)
  [train flip] 11584/28709 images  (77s)
  [train flip] 12864/28709 images  (82s)
  [train flip] 14144/28709 images  (86s)
  [train flip] 15424/28709 images  (91s)
  [train flip] 16704/28709 images  (97s)
  [train flip] 17984/28709 images  (105s)
  [train flip] 19264/28709 images  (112s)
  [train flip] 20544/28709 images  (120s)
  [train flip] 21824/28709 images  (128s)
  [train flip] 23104/28709 images  (136s)
  [train flip] 24384/28709 images  (143s)
  [train flip] 25664/28709 images  (151s)
  [train flip] 26944/28709 images  (159s)
  [train flip] 28224/28709 images  (167s)
  [train flip] 28709/28709 images  (169s)
  [validation] 64/3589 images  (32s)
  [validation] 1344/3589 images  (36s)
  [validation] 2624/3589 images  (41s)
  [validation] 3589/3589 images  (44s)
  [test] 64/3589 images  (31s)
  [test] 1344/3589 images  (35s)
  [test] 2624/3589 images  (40s)
  [test] 3589/3589 images  (43s)
[extract] done: {'backbone': 'resnet50_finetuned_layer4', 'weights': 'v1', 'pretrained': True, 'image_size': 224, 'feature_dim': 2048, 'device': 'cuda', 'flip_train': True, 'limit': None, 'backbone_source': 'resnet50_finetuned_layer4', 'backbone_latency_ms_batch1': 35.117899999022484}
