[classical] seed=42  head parameters=526,343  train samples=57,418
epoch 01/30  loss 1.6424  train_acc 0.369  val_acc 0.459  val_macroF1 0.402  (6.3s)
epoch 02/30  loss 1.5039  train_acc 0.426  val_acc 0.458  val_macroF1 0.404  (4.7s)
epoch 03/30  loss 1.4482  train_acc 0.442  val_acc 0.490  val_macroF1 0.433  (5.1s)
epoch 04/30  loss 1.3982  train_acc 0.457  val_acc 0.502  val_macroF1 0.448  (5.0s)
epoch 05/30  loss 1.3803  train_acc 0.461  val_acc 0.494  val_macroF1 0.441  (4.8s)
epoch 06/30  loss 1.3502  train_acc 0.473  val_acc 0.514  val_macroF1 0.454  (4.8s)
epoch 07/30  loss 1.3268  train_acc 0.480  val_acc 0.461  val_macroF1 0.418  (5.1s)
epoch 08/30  loss 1.3023  train_acc 0.485  val_acc 0.514  val_macroF1 0.465  (5.8s)
epoch 09/30  loss 1.2812  train_acc 0.491  val_acc 0.508  val_macroF1 0.441  (5.5s)
epoch 10/30  loss 1.2540  train_acc 0.502  val_acc 0.509  val_macroF1 0.458  (5.1s)
epoch 11/30  loss 1.2234  train_acc 0.508  val_acc 0.513  val_macroF1 0.461  (4.7s)
epoch 12/30  loss 1.2005  train_acc 0.518  val_acc 0.514  val_macroF1 0.473  (4.9s)
epoch 13/30  loss 1.1995  train_acc 0.517  val_acc 0.519  val_macroF1 0.471  (4.5s)
epoch 14/30  loss 1.1779  train_acc 0.524  val_acc 0.516  val_macroF1 0.475  (4.9s)
epoch 15/30  loss 1.1664  train_acc 0.528  val_acc 0.529  val_macroF1 0.486  (4.8s)
epoch 16/30  loss 1.1438  train_acc 0.537  val_acc 0.528  val_macroF1 0.493  (4.8s)
epoch 17/30  loss 1.1174  train_acc 0.546  val_acc 0.530  val_macroF1 0.487  (4.8s)
epoch 18/30  loss 1.1085  train_acc 0.549  val_acc 0.528  val_macroF1 0.494  (4.9s)
epoch 19/30  loss 1.0897  train_acc 0.554  val_acc 0.540  val_macroF1 0.497  (4.8s)
epoch 20/30  loss 1.0799  train_acc 0.557  val_acc 0.525  val_macroF1 0.484  (4.9s)
epoch 21/30  loss 1.0648  train_acc 0.563  val_acc 0.546  val_macroF1 0.511  (5.0s)
epoch 22/30  loss 1.0566  train_acc 0.567  val_acc 0.537  val_macroF1 0.494  (5.1s)
epoch 23/30  loss 1.0455  train_acc 0.570  val_acc 0.547  val_macroF1 0.504  (4.9s)
epoch 24/30  loss 1.0385  train_acc 0.573  val_acc 0.548  val_macroF1 0.515  (4.7s)
epoch 25/30  loss 1.0285  train_acc 0.577  val_acc 0.545  val_macroF1 0.513  (4.7s)
epoch 26/30  loss 1.0250  train_acc 0.577  val_acc 0.545  val_macroF1 0.507  (5.2s)
epoch 27/30  loss 1.0213  train_acc 0.578  val_acc 0.546  val_macroF1 0.512  (4.6s)
epoch 28/30  loss 1.0164  train_acc 0.582  val_acc 0.543  val_macroF1 0.509  (4.8s)
epoch 29/30  loss 1.0158  train_acc 0.581  val_acc 0.545  val_macroF1 0.510  (4.8s)
epoch 30/30  loss 1.0124  train_acc 0.584  val_acc 0.548  val_macroF1 0.514  (4.8s)
early stopping at epoch 30 (best epoch 24)
==> classical_feature_extractor_seed42: test acc 0.5522  macroF1 0.5261
[control] seed=42  head parameters=534,587  train samples=57,418
epoch 01/30  loss 1.6373  train_acc 0.371  val_acc 0.465  val_macroF1 0.405  (6.1s)
epoch 02/30  loss 1.5035  train_acc 0.429  val_acc 0.448  val_macroF1 0.416  (6.1s)
epoch 03/30  loss 1.4512  train_acc 0.445  val_acc 0.482  val_macroF1 0.434  (6.2s)
epoch 04/30  loss 1.4024  train_acc 0.459  val_acc 0.508  val_macroF1 0.448  (6.3s)
epoch 05/30  loss 1.3838  train_acc 0.460  val_acc 0.492  val_macroF1 0.440  (6.2s)
epoch 06/30  loss 1.3512  train_acc 0.473  val_acc 0.499  val_macroF1 0.438  (6.2s)
epoch 07/30  loss 1.3217  train_acc 0.477  val_acc 0.500  val_macroF1 0.446  (6.0s)
epoch 08/30  loss 1.3043  train_acc 0.483  val_acc 0.510  val_macroF1 0.463  (6.2s)
epoch 09/30  loss 1.2748  train_acc 0.498  val_acc 0.496  val_macroF1 0.434  (6.1s)
epoch 10/30  loss 1.2554  train_acc 0.502  val_acc 0.507  val_macroF1 0.464  (6.1s)
epoch 11/30  loss 1.2293  train_acc 0.508  val_acc 0.514  val_macroF1 0.463  (6.1s)
epoch 12/30  loss 1.2074  train_acc 0.514  val_acc 0.516  val_macroF1 0.461  (5.9s)
epoch 13/30  loss 1.2007  train_acc 0.520  val_acc 0.496  val_macroF1 0.448  (6.3s)
epoch 14/30  loss 1.1841  train_acc 0.522  val_acc 0.506  val_macroF1 0.469  (6.4s)
epoch 15/30  loss 1.1575  train_acc 0.531  val_acc 0.529  val_macroF1 0.476  (6.3s)
epoch 16/30  loss 1.1440  train_acc 0.537  val_acc 0.525  val_macroF1 0.485  (5.5s)
epoch 17/30  loss 1.1269  train_acc 0.540  val_acc 0.514  val_macroF1 0.483  (2.7s)
epoch 18/30  loss 1.1137  train_acc 0.543  val_acc 0.528  val_macroF1 0.486  (5.1s)
epoch 19/30  loss 1.0969  train_acc 0.550  val_acc 0.541  val_macroF1 0.496  (7.7s)
epoch 20/30  loss 1.0832  train_acc 0.556  val_acc 0.518  val_macroF1 0.473  (6.5s)
epoch 21/30  loss 1.0731  train_acc 0.560  val_acc 0.537  val_macroF1 0.498  (6.6s)
epoch 22/30  loss 1.0665  train_acc 0.562  val_acc 0.522  val_macroF1 0.471  (6.0s)
epoch 23/30  loss 1.0516  train_acc 0.565  val_acc 0.532  val_macroF1 0.485  (6.1s)
epoch 24/30  loss 1.0463  train_acc 0.568  val_acc 0.542  val_macroF1 0.505  (6.2s)
epoch 25/30  loss 1.0385  train_acc 0.572  val_acc 0.539  val_macroF1 0.502  (5.8s)
epoch 26/30  loss 1.0361  train_acc 0.572  val_acc 0.541  val_macroF1 0.506  (5.9s)
epoch 27/30  loss 1.0312  train_acc 0.573  val_acc 0.532  val_macroF1 0.491  (5.5s)
epoch 28/30  loss 1.0296  train_acc 0.576  val_acc 0.537  val_macroF1 0.502  (6.7s)
epoch 29/30  loss 1.0237  train_acc 0.575  val_acc 0.539  val_macroF1 0.501  (6.0s)
epoch 30/30  loss 1.0253  train_acc 0.577  val_acc 0.537  val_macroF1 0.499  (5.0s)
==> control_feature_extractor_q4l2_seed42: test acc 0.5522  macroF1 0.5233
[hybrid] seed=42  head parameters=534,591  train samples=57,418
epoch 01/30  loss 1.6414  train_acc 0.371  val_acc 0.450  val_macroF1 0.385  (44.2s)
epoch 02/30  loss 1.4997  train_acc 0.430  val_acc 0.455  val_macroF1 0.412  (40.0s)
epoch 03/30  loss 1.4488  train_acc 0.447  val_acc 0.476  val_macroF1 0.418  (40.9s)
epoch 04/30  loss 1.3938  train_acc 0.460  val_acc 0.503  val_macroF1 0.436  (41.7s)
epoch 05/30  loss 1.3624  train_acc 0.469  val_acc 0.502  val_macroF1 0.450  (39.3s)
epoch 06/30  loss 1.3381  train_acc 0.478  val_acc 0.497  val_macroF1 0.447  (43.5s)
epoch 07/30  loss 1.3123  train_acc 0.486  val_acc 0.473  val_macroF1 0.430  (38.7s)
epoch 08/30  loss 1.2899  train_acc 0.494  val_acc 0.524  val_macroF1 0.476  (41.5s)
epoch 09/30  loss 1.2669  train_acc 0.500  val_acc 0.510  val_macroF1 0.450  (44.8s)
epoch 10/30  loss 1.2355  train_acc 0.511  val_acc 0.515  val_macroF1 0.463  (41.2s)
epoch 11/30  loss 1.2237  train_acc 0.514  val_acc 0.521  val_macroF1 0.471  (43.2s)
epoch 12/30  loss 1.2020  train_acc 0.520  val_acc 0.528  val_macroF1 0.478  (41.5s)
epoch 13/30  loss 1.1860  train_acc 0.526  val_acc 0.510  val_macroF1 0.462  (43.5s)
epoch 14/30  loss 1.1653  train_acc 0.532  val_acc 0.528  val_macroF1 0.484  (40.5s)
epoch 15/30  loss 1.1421  train_acc 0.539  val_acc 0.532  val_macroF1 0.480  (44.2s)
epoch 16/30  loss 1.1314  train_acc 0.542  val_acc 0.528  val_macroF1 0.491  (46.1s)
epoch 17/30  loss 1.1122  train_acc 0.550  val_acc 0.534  val_macroF1 0.494  (45.0s)
epoch 18/30  loss 1.0962  train_acc 0.555  val_acc 0.528  val_macroF1 0.494  (46.3s)
epoch 19/30  loss 1.0790  train_acc 0.561  val_acc 0.536  val_macroF1 0.497  (47.2s)
epoch 20/30  loss 1.0708  train_acc 0.563  val_acc 0.523  val_macroF1 0.478  (46.6s)
epoch 21/30  loss 1.0601  train_acc 0.566  val_acc 0.552  val_macroF1 0.517  (47.4s)
epoch 22/30  loss 1.0469  train_acc 0.571  val_acc 0.541  val_macroF1 0.496  (45.5s)
epoch 23/30  loss 1.0399  train_acc 0.574  val_acc 0.543  val_macroF1 0.497  (46.0s)
epoch 24/30  loss 1.0303  train_acc 0.578  val_acc 0.544  val_macroF1 0.510  (45.3s)
epoch 25/30  loss 1.0248  train_acc 0.581  val_acc 0.550  val_macroF1 0.516  (44.0s)
epoch 26/30  loss 1.0168  train_acc 0.582  val_acc 0.549  val_macroF1 0.515  (46.3s)
epoch 27/30  loss 1.0098  train_acc 0.585  val_acc 0.546  val_macroF1 0.512  (44.9s)
early stopping at epoch 27 (best epoch 21)
==> hybrid_feature_extractor_q4l2_seed42: test acc 0.5483  macroF1 0.5150
[classical] seed=43  head parameters=526,343  train samples=57,418
epoch 01/30  loss 1.6359  train_acc 0.375  val_acc 0.437  val_macroF1 0.385  (4.8s)
epoch 02/30  loss 1.4962  train_acc 0.433  val_acc 0.464  val_macroF1 0.418  (4.7s)
epoch 03/30  loss 1.4475  train_acc 0.448  val_acc 0.463  val_macroF1 0.407  (4.9s)
epoch 04/30  loss 1.4018  train_acc 0.457  val_acc 0.489  val_macroF1 0.445  (4.8s)
epoch 05/30  loss 1.3616  train_acc 0.473  val_acc 0.483  val_macroF1 0.439  (4.9s)
epoch 06/30  loss 1.3344  train_acc 0.478  val_acc 0.473  val_macroF1 0.426  (4.9s)
epoch 07/30  loss 1.2966  train_acc 0.486  val_acc 0.454  val_macroF1 0.411  (4.9s)
epoch 08/30  loss 1.2835  train_acc 0.494  val_acc 0.502  val_macroF1 0.446  (4.9s)
epoch 09/30  loss 1.2582  train_acc 0.502  val_acc 0.516  val_macroF1 0.464  (4.9s)
epoch 10/30  loss 1.2394  train_acc 0.507  val_acc 0.521  val_macroF1 0.473  (4.9s)
epoch 11/30  loss 1.2177  train_acc 0.511  val_acc 0.522  val_macroF1 0.465  (4.9s)
epoch 12/30  loss 1.2062  train_acc 0.517  val_acc 0.502  val_macroF1 0.471  (4.8s)
epoch 13/30  loss 1.1841  train_acc 0.523  val_acc 0.535  val_macroF1 0.499  (4.9s)
epoch 14/30  loss 1.1655  train_acc 0.530  val_acc 0.497  val_macroF1 0.455  (4.8s)
epoch 15/30  loss 1.1466  train_acc 0.536  val_acc 0.530  val_macroF1 0.490  (4.8s)
epoch 16/30  loss 1.1329  train_acc 0.541  val_acc 0.534  val_macroF1 0.491  (4.9s)
epoch 17/30  loss 1.1151  train_acc 0.545  val_acc 0.523  val_macroF1 0.477  (4.8s)
epoch 18/30  loss 1.1030  train_acc 0.550  val_acc 0.519  val_macroF1 0.483  (4.9s)
epoch 19/30  loss 1.0854  train_acc 0.556  val_acc 0.527  val_macroF1 0.486  (4.8s)
early stopping at epoch 19 (best epoch 13)
==> classical_feature_extractor_seed43: test acc 0.5378  macroF1 0.5022
[control] seed=43  head parameters=534,587  train samples=57,418
epoch 01/30  loss 1.6301  train_acc 0.379  val_acc 0.421  val_macroF1 0.369  (5.9s)
epoch 02/30  loss 1.4916  train_acc 0.434  val_acc 0.446  val_macroF1 0.405  (6.1s)
epoch 03/30  loss 1.4409  train_acc 0.449  val_acc 0.467  val_macroF1 0.404  (6.1s)
epoch 04/30  loss 1.4151  train_acc 0.456  val_acc 0.493  val_macroF1 0.449  (6.1s)
epoch 05/30  loss 1.3705  train_acc 0.469  val_acc 0.454  val_macroF1 0.421  (5.9s)
epoch 06/30  loss 1.3449  train_acc 0.475  val_acc 0.468  val_macroF1 0.425  (5.7s)
epoch 07/30  loss 1.3032  train_acc 0.489  val_acc 0.415  val_macroF1 0.393  (6.1s)
epoch 08/30  loss 1.2887  train_acc 0.491  val_acc 0.521  val_macroF1 0.468  (6.3s)
epoch 09/30  loss 1.2634  train_acc 0.500  val_acc 0.515  val_macroF1 0.462  (6.2s)
epoch 10/30  loss 1.2465  train_acc 0.508  val_acc 0.517  val_macroF1 0.462  (6.3s)
epoch 11/30  loss 1.2177  train_acc 0.516  val_acc 0.517  val_macroF1 0.468  (6.1s)
epoch 12/30  loss 1.2034  train_acc 0.519  val_acc 0.512  val_macroF1 0.469  (6.1s)
epoch 13/30  loss 1.1789  train_acc 0.526  val_acc 0.529  val_macroF1 0.503  (6.3s)
epoch 14/30  loss 1.1622  train_acc 0.534  val_acc 0.497  val_macroF1 0.458  (6.2s)
epoch 15/30  loss 1.1459  train_acc 0.537  val_acc 0.537  val_macroF1 0.493  (6.3s)
epoch 16/30  loss 1.1208  train_acc 0.546  val_acc 0.538  val_macroF1 0.503  (6.1s)
epoch 17/30  loss 1.1006  train_acc 0.551  val_acc 0.529  val_macroF1 0.484  (6.1s)
epoch 18/30  loss 1.0870  train_acc 0.557  val_acc 0.543  val_macroF1 0.495  (6.0s)
epoch 19/30  loss 1.0725  train_acc 0.562  val_acc 0.550  val_macroF1 0.521  (6.2s)
epoch 20/30  loss 1.0625  train_acc 0.566  val_acc 0.546  val_macroF1 0.512  (6.3s)
epoch 21/30  loss 1.0511  train_acc 0.569  val_acc 0.547  val_macroF1 0.509  (6.2s)
epoch 22/30  loss 1.0360  train_acc 0.577  val_acc 0.551  val_macroF1 0.519  (6.0s)
epoch 23/30  loss 1.0305  train_acc 0.579  val_acc 0.553  val_macroF1 0.514  (6.1s)
epoch 24/30  loss 1.0214  train_acc 0.583  val_acc 0.555  val_macroF1 0.516  (6.2s)
epoch 25/30  loss 1.0153  train_acc 0.584  val_acc 0.555  val_macroF1 0.528  (6.1s)
epoch 26/30  loss 1.0083  train_acc 0.586  val_acc 0.555  val_macroF1 0.525  (6.2s)
epoch 27/30  loss 1.0054  train_acc 0.587  val_acc 0.553  val_macroF1 0.522  (6.1s)
epoch 28/30  loss 0.9983  train_acc 0.590  val_acc 0.553  val_macroF1 0.521  (6.2s)
epoch 29/30  loss 0.9954  train_acc 0.591  val_acc 0.554  val_macroF1 0.522  (6.1s)
epoch 30/30  loss 0.9979  train_acc 0.589  val_acc 0.552  val_macroF1 0.521  (6.0s)
==> control_feature_extractor_q4l2_seed43: test acc 0.5578  macroF1 0.5374
[hybrid] seed=43  head parameters=534,591  train samples=57,418
epoch 01/30  loss 1.6432  train_acc 0.372  val_acc 0.440  val_macroF1 0.398  (51.8s)
epoch 02/30  loss 1.4967  train_acc 0.429  val_acc 0.446  val_macroF1 0.407  (42.1s)
epoch 03/30  loss 1.4471  train_acc 0.446  val_acc 0.448  val_macroF1 0.388  (44.0s)
epoch 04/30  loss 1.4063  train_acc 0.456  val_acc 0.475  val_macroF1 0.426  (44.9s)
epoch 05/30  loss 1.3671  train_acc 0.468  val_acc 0.470  val_macroF1 0.430  (45.6s)
epoch 06/30  loss 1.3334  train_acc 0.476  val_acc 0.473  val_macroF1 0.433  (45.1s)
epoch 07/30  loss 1.3050  train_acc 0.486  val_acc 0.437  val_macroF1 0.405  (49.6s)
epoch 08/30  loss 1.2872  train_acc 0.491  val_acc 0.529  val_macroF1 0.478  (46.0s)
epoch 09/30  loss 1.2671  train_acc 0.499  val_acc 0.525  val_macroF1 0.482  (46.8s)
epoch 10/30  loss 1.2472  train_acc 0.505  val_acc 0.509  val_macroF1 0.452  (1363.5s)
epoch 11/30  loss 1.2249  train_acc 0.512  val_acc 0.522  val_macroF1 0.468  (15.5s)
epoch 12/30  loss 1.2033  train_acc 0.518  val_acc 0.517  val_macroF1 0.475  (15.5s)
epoch 13/30  loss 1.1819  train_acc 0.526  val_acc 0.534  val_macroF1 0.491  (15.6s)
epoch 14/30  loss 1.1728  train_acc 0.529  val_acc 0.495  val_macroF1 0.458  (15.5s)
epoch 15/30  loss 1.1479  train_acc 0.536  val_acc 0.522  val_macroF1 0.477  (27.0s)
epoch 16/30  loss 1.1279  train_acc 0.543  val_acc 0.527  val_macroF1 0.483  (47.4s)
epoch 17/30  loss 1.1152  train_acc 0.545  val_acc 0.536  val_macroF1 0.489  (45.0s)
epoch 18/30  loss 1.0964  train_acc 0.554  val_acc 0.522  val_macroF1 0.476  (31.7s)
epoch 19/30  loss 1.0853  train_acc 0.556  val_acc 0.531  val_macroF1 0.498  (40.6s)
epoch 20/30  loss 1.0708  train_acc 0.561  val_acc 0.541  val_macroF1 0.502  (37.3s)
epoch 21/30  loss 1.0636  train_acc 0.564  val_acc 0.541  val_macroF1 0.501  (32.0s)
epoch 22/30  loss 1.0487  train_acc 0.567  val_acc 0.549  val_macroF1 0.512  (40.4s)
epoch 23/30  loss 1.0417  train_acc 0.571  val_acc 0.540  val_macroF1 0.503  (38.0s)
epoch 24/30  loss 1.0331  train_acc 0.576  val_acc 0.548  val_macroF1 0.509  (45.6s)
epoch 25/30  loss 1.0293  train_acc 0.577  val_acc 0.548  val_macroF1 0.514  (44.9s)
epoch 26/30  loss 1.0178  train_acc 0.582  val_acc 0.547  val_macroF1 0.511  (44.6s)
epoch 27/30  loss 1.0160  train_acc 0.582  val_acc 0.545  val_macroF1 0.511  (30.6s)
epoch 28/30  loss 1.0099  train_acc 0.583  val_acc 0.553  val_macroF1 0.518  (39.2s)
epoch 29/30  loss 1.0088  train_acc 0.586  val_acc 0.550  val_macroF1 0.514  (42.3s)
epoch 30/30  loss 1.0124  train_acc 0.581  val_acc 0.548  val_macroF1 0.513  (37.2s)
==> hybrid_feature_extractor_q4l2_seed43: test acc 0.5584  macroF1 0.5302
[classical] seed=44  head parameters=526,343  train samples=57,418
epoch 01/30  loss 1.6324  train_acc 0.380  val_acc 0.467  val_macroF1 0.399  (4.3s)
epoch 02/30  loss 1.5017  train_acc 0.427  val_acc 0.453  val_macroF1 0.414  (4.5s)
epoch 03/30  loss 1.4403  train_acc 0.447  val_acc 0.433  val_macroF1 0.391  (5.0s)
epoch 04/30  loss 1.4132  train_acc 0.451  val_acc 0.464  val_macroF1 0.412  (5.3s)
epoch 05/30  loss 1.3711  train_acc 0.464  val_acc 0.485  val_macroF1 0.432  (5.3s)
epoch 06/30  loss 1.3361  train_acc 0.478  val_acc 0.508  val_macroF1 0.447  (4.6s)
epoch 07/30  loss 1.3143  train_acc 0.482  val_acc 0.482  val_macroF1 0.445  (4.6s)
epoch 08/30  loss 1.2817  train_acc 0.491  val_acc 0.517  val_macroF1 0.465  (4.6s)
epoch 09/30  loss 1.2666  train_acc 0.497  val_acc 0.476  val_macroF1 0.437  (4.8s)
epoch 10/30  loss 1.2420  train_acc 0.505  val_acc 0.486  val_macroF1 0.439  (5.4s)
epoch 11/30  loss 1.2210  train_acc 0.511  val_acc 0.506  val_macroF1 0.467  (5.1s)
epoch 12/30  loss 1.2092  train_acc 0.513  val_acc 0.514  val_macroF1 0.475  (4.7s)
epoch 13/30  loss 1.1951  train_acc 0.518  val_acc 0.497  val_macroF1 0.448  (4.5s)
epoch 14/30  loss 1.1689  train_acc 0.527  val_acc 0.519  val_macroF1 0.471  (4.7s)
epoch 15/30  loss 1.1545  train_acc 0.533  val_acc 0.509  val_macroF1 0.455  (4.7s)
epoch 16/30  loss 1.1314  train_acc 0.540  val_acc 0.536  val_macroF1 0.485  (5.4s)
epoch 17/30  loss 1.1211  train_acc 0.544  val_acc 0.523  val_macroF1 0.489  (5.4s)
epoch 18/30  loss 1.1003  train_acc 0.550  val_acc 0.524  val_macroF1 0.486  (4.5s)
epoch 19/30  loss 1.0895  train_acc 0.553  val_acc 0.519  val_macroF1 0.485  (4.7s)
epoch 20/30  loss 1.0745  train_acc 0.559  val_acc 0.532  val_macroF1 0.484  (4.7s)
epoch 21/30  loss 1.0667  train_acc 0.562  val_acc 0.542  val_macroF1 0.509  (5.2s)
epoch 22/30  loss 1.0550  train_acc 0.567  val_acc 0.546  val_macroF1 0.513  (5.4s)
epoch 23/30  loss 1.0450  train_acc 0.571  val_acc 0.539  val_macroF1 0.500  (5.1s)
epoch 24/30  loss 1.0342  train_acc 0.576  val_acc 0.537  val_macroF1 0.495  (4.6s)
epoch 25/30  loss 1.0332  train_acc 0.574  val_acc 0.551  val_macroF1 0.515  (4.6s)
epoch 26/30  loss 1.0230  train_acc 0.579  val_acc 0.549  val_macroF1 0.517  (4.7s)
epoch 27/30  loss 1.0168  train_acc 0.580  val_acc 0.549  val_macroF1 0.517  (5.2s)
epoch 28/30  loss 1.0147  train_acc 0.580  val_acc 0.553  val_macroF1 0.525  (5.4s)
epoch 29/30  loss 1.0124  train_acc 0.581  val_acc 0.549  val_macroF1 0.519  (4.9s)
epoch 30/30  loss 1.0113  train_acc 0.582  val_acc 0.548  val_macroF1 0.516  (4.5s)
==> classical_feature_extractor_seed44: test acc 0.5578  macroF1 0.5290
[control] seed=44  head parameters=534,587  train samples=57,418
epoch 01/30  loss 1.6442  train_acc 0.374  val_acc 0.455  val_macroF1 0.394  (6.4s)
epoch 02/30  loss 1.4934  train_acc 0.434  val_acc 0.446  val_macroF1 0.410  (5.9s)
epoch 03/30  loss 1.4351  train_acc 0.450  val_acc 0.439  val_macroF1 0.388  (5.8s)
epoch 04/30  loss 1.3932  train_acc 0.462  val_acc 0.473  val_macroF1 0.414  (6.5s)
epoch 05/30  loss 1.3577  train_acc 0.473  val_acc 0.461  val_macroF1 0.409  (6.9s)
epoch 06/30  loss 1.3334  train_acc 0.479  val_acc 0.503  val_macroF1 0.431  (6.1s)
epoch 07/30  loss 1.3071  train_acc 0.486  val_acc 0.508  val_macroF1 0.453  (5.8s)
epoch 08/30  loss 1.2880  train_acc 0.495  val_acc 0.509  val_macroF1 0.455  (4.6s)
epoch 09/30  loss 1.2647  train_acc 0.500  val_acc 0.496  val_macroF1 0.457  (4.0s)
epoch 10/30  loss 1.2372  train_acc 0.508  val_acc 0.490  val_macroF1 0.449  (6.6s)
epoch 11/30  loss 1.2182  train_acc 0.515  val_acc 0.500  val_macroF1 0.459  (6.3s)
epoch 12/30  loss 1.2036  train_acc 0.520  val_acc 0.514  val_macroF1 0.469  (5.7s)
epoch 13/30  loss 1.1898  train_acc 0.524  val_acc 0.507  val_macroF1 0.450  (5.5s)
epoch 14/30  loss 1.1668  train_acc 0.529  val_acc 0.501  val_macroF1 0.462  (6.4s)
epoch 15/30  loss 1.1561  train_acc 0.535  val_acc 0.529  val_macroF1 0.475  (6.7s)
epoch 16/30  loss 1.1294  train_acc 0.544  val_acc 0.534  val_macroF1 0.484  (6.0s)
epoch 17/30  loss 1.1147  train_acc 0.549  val_acc 0.517  val_macroF1 0.473  (5.4s)
epoch 18/30  loss 1.1017  train_acc 0.553  val_acc 0.522  val_macroF1 0.480  (5.4s)
epoch 19/30  loss 1.0833  train_acc 0.557  val_acc 0.512  val_macroF1 0.475  (6.3s)
epoch 20/30  loss 1.0771  train_acc 0.561  val_acc 0.524  val_macroF1 0.477  (6.7s)
epoch 21/30  loss 1.0664  train_acc 0.564  val_acc 0.541  val_macroF1 0.502  (5.9s)
epoch 22/30  loss 1.0564  train_acc 0.569  val_acc 0.538  val_macroF1 0.496  (5.7s)
epoch 23/30  loss 1.0456  train_acc 0.571  val_acc 0.535  val_macroF1 0.492  (5.6s)
epoch 24/30  loss 1.0406  train_acc 0.573  val_acc 0.532  val_macroF1 0.484  (6.5s)
epoch 25/30  loss 1.0300  train_acc 0.576  val_acc 0.545  val_macroF1 0.504  (6.7s)
epoch 26/30  loss 1.0255  train_acc 0.579  val_acc 0.547  val_macroF1 0.507  (5.8s)
epoch 27/30  loss 1.0200  train_acc 0.581  val_acc 0.547  val_macroF1 0.506  (5.9s)
epoch 28/30  loss 1.0199  train_acc 0.582  val_acc 0.545  val_macroF1 0.509  (5.5s)
epoch 29/30  loss 1.0190  train_acc 0.582  val_acc 0.546  val_macroF1 0.508  (6.6s)
epoch 30/30  loss 1.0148  train_acc 0.580  val_acc 0.549  val_macroF1 0.511  (6.5s)
==> control_feature_extractor_q4l2_seed44: test acc 0.5483  macroF1 0.5123
[hybrid] seed=44  head parameters=534,591  train samples=57,418
epoch 01/30  loss 1.6342  train_acc 0.380  val_acc 0.461  val_macroF1 0.409  (46.6s)
epoch 02/30  loss 1.4980  train_acc 0.430  val_acc 0.456  val_macroF1 0.412  (48.0s)
epoch 03/30  loss 1.4430  train_acc 0.446  val_acc 0.435  val_macroF1 0.392  (46.2s)
epoch 04/30  loss 1.3992  train_acc 0.459  val_acc 0.483  val_macroF1 0.425  (48.1s)
epoch 05/30  loss 1.3619  train_acc 0.472  val_acc 0.478  val_macroF1 0.428  (51.8s)
epoch 06/30  loss 1.3316  train_acc 0.479  val_acc 0.490  val_macroF1 0.423  (53.8s)
epoch 07/30  loss 1.3119  train_acc 0.486  val_acc 0.488  val_macroF1 0.439  (51.8s)
epoch 08/30  loss 1.2912  train_acc 0.491  val_acc 0.502  val_macroF1 0.440  (52.1s)
epoch 09/30  loss 1.2647  train_acc 0.495  val_acc 0.501  val_macroF1 0.457  (52.2s)
epoch 10/30  loss 1.2348  train_acc 0.507  val_acc 0.491  val_macroF1 0.450  (533.8s)
epoch 11/30  loss 1.2158  train_acc 0.512  val_acc 0.517  val_macroF1 0.472  (16.3s)
epoch 12/30  loss 1.1959  train_acc 0.519  val_acc 0.530  val_macroF1 0.486  (16.1s)
epoch 13/30  loss 1.1857  train_acc 0.524  val_acc 0.498  val_macroF1 0.452  (16.0s)
epoch 14/30  loss 1.1568  train_acc 0.531  val_acc 0.514  val_macroF1 0.467  (15.9s)
epoch 15/30  loss 1.1390  train_acc 0.540  val_acc 0.509  val_macroF1 0.463  (35.6s)
epoch 16/30  loss 1.1243  train_acc 0.545  val_acc 0.540  val_macroF1 0.494  (53.1s)
epoch 17/30  loss 1.1000  train_acc 0.551  val_acc 0.534  val_macroF1 0.486  (52.0s)
epoch 18/30  loss 1.0841  train_acc 0.556  val_acc 0.525  val_macroF1 0.484  (52.5s)
epoch 19/30  loss 1.0739  train_acc 0.558  val_acc 0.530  val_macroF1 0.491  (50.7s)
epoch 20/30  loss 1.0660  train_acc 0.565  val_acc 0.537  val_macroF1 0.488  (52.3s)
epoch 21/30  loss 1.0499  train_acc 0.569  val_acc 0.552  val_macroF1 0.514  (52.2s)
epoch 22/30  loss 1.0413  train_acc 0.574  val_acc 0.545  val_macroF1 0.506  (52.4s)
epoch 23/30  loss 1.0321  train_acc 0.575  val_acc 0.555  val_macroF1 0.519  (52.0s)
epoch 24/30  loss 1.0238  train_acc 0.578  val_acc 0.540  val_macroF1 0.493  (51.6s)
epoch 25/30  loss 1.0166  train_acc 0.582  val_acc 0.547  val_macroF1 0.510  (52.5s)
epoch 26/30  loss 1.0083  train_acc 0.584  val_acc 0.555  val_macroF1 0.520  (52.4s)
epoch 27/30  loss 1.0044  train_acc 0.585  val_acc 0.554  val_macroF1 0.521  (51.7s)
epoch 28/30  loss 0.9999  train_acc 0.587  val_acc 0.552  val_macroF1 0.519  (52.1s)
epoch 29/30  loss 0.9966  train_acc 0.588  val_acc 0.553  val_macroF1 0.520  (52.1s)
epoch 30/30  loss 0.9999  train_acc 0.590  val_acc 0.551  val_macroF1 0.518  (52.1s)
==> hybrid_feature_extractor_q4l2_seed44: test acc 0.5573  macroF1 0.5246
Over 3 seed(s) on the FER2013 test split: classical accuracy 0.5493, hybrid 0.5547 (difference +0.0054); no consistent, statistically supported accuracy difference between the two models. Results are from classical simulation of the quantum circuit on one dataset and do not demonstrate quantum advantage or speed-up.
