[classical] seed=42  head parameters=526,343  train samples=57,418
epoch 01/30  loss 0.6564  train_acc 0.740  val_acc 0.656  val_macroF1 0.639  (6.2s)
epoch 02/30  loss 0.6340  train_acc 0.745  val_acc 0.656  val_macroF1 0.641  (5.5s)
epoch 03/30  loss 0.6335  train_acc 0.746  val_acc 0.649  val_macroF1 0.625  (5.6s)
epoch 04/30  loss 0.6310  train_acc 0.748  val_acc 0.650  val_macroF1 0.623  (1.8s)
epoch 05/30  loss 0.6316  train_acc 0.747  val_acc 0.649  val_macroF1 0.637  (5.3s)
epoch 06/30  loss 0.6279  train_acc 0.748  val_acc 0.654  val_macroF1 0.626  (5.5s)
epoch 07/30  loss 0.6279  train_acc 0.748  val_acc 0.654  val_macroF1 0.629  (5.6s)
epoch 08/30  loss 0.6225  train_acc 0.747  val_acc 0.657  val_macroF1 0.634  (5.6s)
early stopping at epoch 8 (best epoch 2)
==> classical_feature_extractor_seed42: test acc 0.6768  macroF1 0.6676
[control] seed=42  head parameters=534,587  train samples=57,418
epoch 01/30  loss 0.6553  train_acc 0.738  val_acc 0.659  val_macroF1 0.645  (7.4s)
epoch 02/30  loss 0.6344  train_acc 0.745  val_acc 0.654  val_macroF1 0.639  (7.1s)
epoch 03/30  loss 0.6337  train_acc 0.746  val_acc 0.647  val_macroF1 0.621  (6.7s)
epoch 04/30  loss 0.6325  train_acc 0.745  val_acc 0.654  val_macroF1 0.630  (6.6s)
epoch 05/30  loss 0.6292  train_acc 0.745  val_acc 0.653  val_macroF1 0.637  (6.8s)
epoch 06/30  loss 0.6289  train_acc 0.747  val_acc 0.655  val_macroF1 0.628  (6.6s)
epoch 07/30  loss 0.6268  train_acc 0.748  val_acc 0.653  val_macroF1 0.630  (6.6s)
early stopping at epoch 7 (best epoch 1)
==> control_feature_extractor_q4l2_seed42: test acc 0.6760  macroF1 0.6681
[hybrid] seed=42  head parameters=534,591  train samples=57,418
epoch 01/30  loss 0.6563  train_acc 0.737  val_acc 0.659  val_macroF1 0.645  (50.1s)
epoch 02/30  loss 0.6351  train_acc 0.747  val_acc 0.655  val_macroF1 0.639  (50.2s)
epoch 03/30  loss 0.6323  train_acc 0.745  val_acc 0.653  val_macroF1 0.629  (49.9s)
epoch 04/30  loss 0.6317  train_acc 0.747  val_acc 0.649  val_macroF1 0.621  (49.8s)
epoch 05/30  loss 0.6309  train_acc 0.745  val_acc 0.656  val_macroF1 0.638  (45.0s)
epoch 06/30  loss 0.6276  train_acc 0.747  val_acc 0.650  val_macroF1 0.628  (49.9s)
epoch 07/30  loss 0.6275  train_acc 0.748  val_acc 0.656  val_macroF1 0.634  (50.0s)
early stopping at epoch 7 (best epoch 1)
==> hybrid_feature_extractor_q4l2_seed42: test acc 0.6773  macroF1 0.6701
[classical] seed=43  head parameters=526,343  train samples=57,418
epoch 01/30  loss 0.6540  train_acc 0.740  val_acc 0.648  val_macroF1 0.629  (5.4s)
epoch 02/30  loss 0.6379  train_acc 0.744  val_acc 0.648  val_macroF1 0.635  (5.4s)
epoch 03/30  loss 0.6319  train_acc 0.745  val_acc 0.650  val_macroF1 0.630  (5.4s)
epoch 04/30  loss 0.6328  train_acc 0.745  val_acc 0.652  val_macroF1 0.621  (5.4s)
epoch 05/30  loss 0.6332  train_acc 0.747  val_acc 0.646  val_macroF1 0.631  (5.3s)
epoch 06/30  loss 0.6289  train_acc 0.748  val_acc 0.656  val_macroF1 0.641  (5.4s)
epoch 07/30  loss 0.6257  train_acc 0.748  val_acc 0.649  val_macroF1 0.630  (5.4s)
epoch 08/30  loss 0.6237  train_acc 0.749  val_acc 0.652  val_macroF1 0.632  (5.3s)
epoch 09/30  loss 0.6228  train_acc 0.748  val_acc 0.652  val_macroF1 0.632  (5.4s)
epoch 10/30  loss 0.6230  train_acc 0.750  val_acc 0.661  val_macroF1 0.642  (5.3s)
epoch 11/30  loss 0.6204  train_acc 0.749  val_acc 0.650  val_macroF1 0.641  (5.3s)
epoch 12/30  loss 0.6170  train_acc 0.749  val_acc 0.651  val_macroF1 0.631  (5.4s)
epoch 13/30  loss 0.6178  train_acc 0.750  val_acc 0.657  val_macroF1 0.644  (5.4s)
epoch 14/30  loss 0.6147  train_acc 0.752  val_acc 0.662  val_macroF1 0.646  (5.3s)
epoch 15/30  loss 0.6140  train_acc 0.751  val_acc 0.657  val_macroF1 0.638  (5.4s)
epoch 16/30  loss 0.6116  train_acc 0.752  val_acc 0.650  val_macroF1 0.633  (5.4s)
epoch 17/30  loss 0.6092  train_acc 0.753  val_acc 0.658  val_macroF1 0.636  (5.4s)
epoch 18/30  loss 0.6058  train_acc 0.753  val_acc 0.650  val_macroF1 0.638  (5.4s)
epoch 19/30  loss 0.6051  train_acc 0.754  val_acc 0.661  val_macroF1 0.645  (5.4s)
epoch 20/30  loss 0.6019  train_acc 0.756  val_acc 0.652  val_macroF1 0.627  (5.4s)
early stopping at epoch 20 (best epoch 14)
==> classical_feature_extractor_seed43: test acc 0.6776  macroF1 0.6707
[control] seed=43  head parameters=534,587  train samples=57,418
epoch 01/30  loss 0.6525  train_acc 0.740  val_acc 0.646  val_macroF1 0.632  (6.7s)
epoch 02/30  loss 0.6355  train_acc 0.744  val_acc 0.651  val_macroF1 0.631  (6.7s)
epoch 03/30  loss 0.6305  train_acc 0.745  val_acc 0.655  val_macroF1 0.637  (6.7s)
epoch 04/30  loss 0.6310  train_acc 0.747  val_acc 0.653  val_macroF1 0.631  (6.7s)
epoch 05/30  loss 0.6323  train_acc 0.747  val_acc 0.642  val_macroF1 0.628  (6.7s)
epoch 06/30  loss 0.6278  train_acc 0.746  val_acc 0.655  val_macroF1 0.642  (6.8s)
epoch 07/30  loss 0.6271  train_acc 0.748  val_acc 0.650  val_macroF1 0.626  (6.8s)
epoch 08/30  loss 0.6257  train_acc 0.749  val_acc 0.656  val_macroF1 0.635  (6.7s)
epoch 09/30  loss 0.6201  train_acc 0.749  val_acc 0.657  val_macroF1 0.640  (6.7s)
epoch 10/30  loss 0.6224  train_acc 0.750  val_acc 0.648  val_macroF1 0.636  (6.8s)
epoch 11/30  loss 0.6221  train_acc 0.749  val_acc 0.651  val_macroF1 0.641  (6.7s)
epoch 12/30  loss 0.6178  train_acc 0.750  val_acc 0.644  val_macroF1 0.621  (5.9s)
early stopping at epoch 12 (best epoch 6)
==> control_feature_extractor_q4l2_seed43: test acc 0.6773  macroF1 0.6712
[hybrid] seed=43  head parameters=534,591  train samples=57,418
epoch 01/30  loss 0.6544  train_acc 0.738  val_acc 0.648  val_macroF1 0.629  (45.5s)
epoch 02/30  loss 0.6341  train_acc 0.745  val_acc 0.651  val_macroF1 0.637  (45.3s)
epoch 03/30  loss 0.6331  train_acc 0.745  val_acc 0.651  val_macroF1 0.630  (51.1s)
epoch 04/30  loss 0.6337  train_acc 0.746  val_acc 0.654  val_macroF1 0.628  (51.5s)
epoch 05/30  loss 0.6322  train_acc 0.747  val_acc 0.641  val_macroF1 0.627  (51.4s)
epoch 06/30  loss 0.6288  train_acc 0.747  val_acc 0.656  val_macroF1 0.640  (49.6s)
epoch 07/30  loss 0.6265  train_acc 0.747  val_acc 0.652  val_macroF1 0.633  (49.5s)
epoch 08/30  loss 0.6258  train_acc 0.749  val_acc 0.655  val_macroF1 0.636  (49.7s)
epoch 09/30  loss 0.6208  train_acc 0.750  val_acc 0.656  val_macroF1 0.635  (49.6s)
epoch 10/30  loss 0.6227  train_acc 0.750  val_acc 0.651  val_macroF1 0.632  (50.0s)
epoch 11/30  loss 0.6200  train_acc 0.748  val_acc 0.645  val_macroF1 0.632  (50.0s)
epoch 12/30  loss 0.6195  train_acc 0.751  val_acc 0.653  val_macroF1 0.630  (48.8s)
early stopping at epoch 12 (best epoch 6)
==> hybrid_feature_extractor_q4l2_seed43: test acc 0.6779  macroF1 0.6692
[classical] seed=44  head parameters=526,343  train samples=57,418
epoch 01/30  loss 0.6573  train_acc 0.739  val_acc 0.650  val_macroF1 0.623  (2.3s)
epoch 02/30  loss 0.6377  train_acc 0.745  val_acc 0.642  val_macroF1 0.613  (5.0s)
epoch 03/30  loss 0.6328  train_acc 0.744  val_acc 0.656  val_macroF1 0.639  (5.2s)
epoch 04/30  loss 0.6317  train_acc 0.746  val_acc 0.645  val_macroF1 0.629  (5.1s)
epoch 05/30  loss 0.6322  train_acc 0.746  val_acc 0.652  val_macroF1 0.630  (5.1s)
epoch 06/30  loss 0.6261  train_acc 0.748  val_acc 0.655  val_macroF1 0.635  (5.3s)
epoch 07/30  loss 0.6274  train_acc 0.747  val_acc 0.648  val_macroF1 0.635  (5.2s)
epoch 08/30  loss 0.6277  train_acc 0.746  val_acc 0.653  val_macroF1 0.635  (5.2s)
epoch 09/30  loss 0.6210  train_acc 0.750  val_acc 0.656  val_macroF1 0.643  (5.3s)
epoch 10/30  loss 0.6224  train_acc 0.749  val_acc 0.646  val_macroF1 0.628  (5.3s)
epoch 11/30  loss 0.6204  train_acc 0.750  val_acc 0.643  val_macroF1 0.610  (5.3s)
epoch 12/30  loss 0.6180  train_acc 0.749  val_acc 0.654  val_macroF1 0.642  (5.3s)
epoch 13/30  loss 0.6152  train_acc 0.752  val_acc 0.644  val_macroF1 0.622  (5.3s)
epoch 14/30  loss 0.6150  train_acc 0.752  val_acc 0.653  val_macroF1 0.638  (5.3s)
epoch 15/30  loss 0.6121  train_acc 0.752  val_acc 0.658  val_macroF1 0.639  (5.4s)
early stopping at epoch 15 (best epoch 9)
==> classical_feature_extractor_seed44: test acc 0.6760  macroF1 0.6704
[control] seed=44  head parameters=534,587  train samples=57,418
epoch 01/30  loss 0.6551  train_acc 0.739  val_acc 0.650  val_macroF1 0.622  (7.0s)
epoch 02/30  loss 0.6350  train_acc 0.745  val_acc 0.648  val_macroF1 0.620  (7.0s)
epoch 03/30  loss 0.6320  train_acc 0.746  val_acc 0.657  val_macroF1 0.643  (7.0s)
epoch 04/30  loss 0.6305  train_acc 0.745  val_acc 0.650  val_macroF1 0.634  (6.5s)
epoch 05/30  loss 0.6314  train_acc 0.746  val_acc 0.649  val_macroF1 0.626  (6.6s)
epoch 06/30  loss 0.6268  train_acc 0.747  val_acc 0.650  val_macroF1 0.624  (6.6s)
epoch 07/30  loss 0.6278  train_acc 0.747  val_acc 0.647  val_macroF1 0.634  (6.6s)
epoch 08/30  loss 0.6249  train_acc 0.747  val_acc 0.657  val_macroF1 0.641  (6.5s)
epoch 09/30  loss 0.6211  train_acc 0.750  val_acc 0.660  val_macroF1 0.649  (6.6s)
epoch 10/30  loss 0.6220  train_acc 0.749  val_acc 0.645  val_macroF1 0.626  (6.6s)
epoch 11/30  loss 0.6200  train_acc 0.748  val_acc 0.648  val_macroF1 0.622  (2.2s)
epoch 12/30  loss 0.6162  train_acc 0.750  val_acc 0.651  val_macroF1 0.635  (6.6s)
epoch 13/30  loss 0.6167  train_acc 0.751  val_acc 0.648  val_macroF1 0.627  (6.6s)
epoch 14/30  loss 0.6168  train_acc 0.750  val_acc 0.654  val_macroF1 0.636  (6.5s)
epoch 15/30  loss 0.6139  train_acc 0.752  val_acc 0.656  val_macroF1 0.634  (6.6s)
early stopping at epoch 15 (best epoch 9)
==> control_feature_extractor_q4l2_seed44: test acc 0.6768  macroF1 0.6725
[hybrid] seed=44  head parameters=534,591  train samples=57,418
epoch 01/30  loss 0.6548  train_acc 0.740  val_acc 0.651  val_macroF1 0.625  (47.8s)
epoch 02/30  loss 0.6358  train_acc 0.746  val_acc 0.646  val_macroF1 0.619  (48.3s)
epoch 03/30  loss 0.6349  train_acc 0.745  val_acc 0.656  val_macroF1 0.635  (43.7s)
